Archive member included to satisfy reference by file (symbol)

C:/ST/STM32CubeIDE_1.14.1/STM32CubeIDE/plugins/com.st.stm32cube.ide.mcu.externaltools.gnu-tools-for-stm32.11.3.rel1.win32_1.1.100.202309141235/tools/bin/../lib/gcc/arm-none-eabi/11.3.1/../../../../arm-none-eabi/lib/thumb/v7e-m+fp/hard\libc_nano.a(libc_a-exit.o)
                              C:/ST/STM32CubeIDE_1.14.1/STM32CubeIDE/plugins/com.st.stm32cube.ide.mcu.externaltools.gnu-tools-for-stm32.11.3.rel1.win32_1.1.100.202309141235/tools/bin/../lib/gcc/arm-none-eabi/11.3.1/../../../../arm-none-eabi/lib/thumb/v7e-m+fp/hard/crt0.o (exit)
C:/ST/STM32CubeIDE_1.14.1/STM32CubeIDE/plugins/com.st.stm32cube.ide.mcu.externaltools.gnu-tools-for-stm32.11.3.rel1.win32_1.1.100.202309141235/tools/bin/../lib/gcc/arm-none-eabi/11.3.1/../../../../arm-none-eabi/lib/thumb/v7e-m+fp/hard\libc_nano.a(libc_a-findfp.o)
                              C:/ST/STM32CubeIDE_1.14.1/STM32CubeIDE/plugins/com.st.stm32cube.ide.mcu.externaltools.gnu-tools-for-stm32.11.3.rel1.win32_1.1.100.202309141235/tools/bin/../lib/gcc/arm-none-eabi/11.3.1/../../../../arm-none-eabi/lib/thumb/v7e-m+fp/hard\libc_nano.a(libc_a-exit.o) (__stdio_exit_handler)
C:/ST/STM32CubeIDE_1.14.1/STM32CubeIDE/plugins/com.st.stm32cube.ide.mcu.externaltools.gnu-tools-for-stm32.11.3.rel1.win32_1.1.100.202309141235/tools/bin/../lib/gcc/arm-none-eabi/11.3.1/../../../../arm-none-eabi/lib/thumb/v7e-m+fp/hard\libc_nano.a(libc_a-fwalk.o)
                              C:/ST/STM32CubeIDE_1.14.1/STM32CubeIDE/plugins/com.st.stm32cube.ide.mcu.externaltools.gnu-tools-for-stm32.11.3.rel1.win32_1.1.100.202309141235/tools/bin/../lib/gcc/arm-none-eabi/11.3.1/../../../../arm-none-eabi/lib/thumb/v7e-m+fp/hard\libc_nano.a(libc_a-findfp.o) (_fwalk_sglue)
C:/ST/STM32CubeIDE_1.14.1/STM32CubeIDE/plugins/com.st.stm32cube.ide.mcu.externaltools.gnu-tools-for-stm32.11.3.rel1.win32_1.1.100.202309141235/tools/bin/../lib/gcc/arm-none-eabi/11.3.1/../../../../arm-none-eabi/lib/thumb/v7e-m+fp/hard\libc_nano.a(libc_a-sprintf.o)
                              ./Core/Src/main.o (sprintf)
C:/ST/STM32CubeIDE_1.14.1/STM32CubeIDE/plugins/com.st.stm32cube.ide.mcu.externaltools.gnu-tools-for-stm32.11.3.rel1.win32_1.1.100.202309141235/tools/bin/../lib/gcc/arm-none-eabi/11.3.1/../../../../arm-none-eabi/lib/thumb/v7e-m+fp/hard\libc_nano.a(libc_a-stdio.o)
                              C:/ST/STM32CubeIDE_1.14.1/STM32CubeIDE/plugins/com.st.stm32cube.ide.mcu.externaltools.gnu-tools-for-stm32.11.3.rel1.win32_1.1.100.202309141235/tools/bin/../lib/gcc/arm-none-eabi/11.3.1/../../../../arm-none-eabi/lib/thumb/v7e-m+fp/hard\libc_nano.a(libc_a-findfp.o) (__sread)
C:/ST/STM32CubeIDE_1.14.1/STM32CubeIDE/plugins/com.st.stm32cube.ide.mcu.externaltools.gnu-tools-for-stm32.11.3.rel1.win32_1.1.100.202309141235/tools/bin/../lib/gcc/arm-none-eabi/11.3.1/../../../../arm-none-eabi/lib/thumb/v7e-m+fp/hard\libc_nano.a(libc_a-memset.o)
                              C:/ST/STM32CubeIDE_1.14.1/STM32CubeIDE/plugins/com.st.stm32cube.ide.mcu.externaltools.gnu-tools-for-stm32.11.3.rel1.win32_1.1.100.202309141235/tools/bin/../lib/gcc/arm-none-eabi/11.3.1/../../../../arm-none-eabi/lib/thumb/v7e-m+fp/hard/crt0.o (memset)
C:/ST/STM32CubeIDE_1.14.1/STM32CubeIDE/plugins/com.st.stm32cube.ide.mcu.externaltools.gnu-tools-for-stm32.11.3.rel1.win32_1.1.100.202309141235/tools/bin/../lib/gcc/arm-none-eabi/11.3.1/../../../../arm-none-eabi/lib/thumb/v7e-m+fp/hard\libc_nano.a(libc_a-closer.o)
                              C:/ST/STM32CubeIDE_1.14.1/STM32CubeIDE/plugins/com.st.stm32cube.ide.mcu.externaltools.gnu-tools-for-stm32.11.3.rel1.win32_1.1.100.202309141235/tools/bin/../lib/gcc/arm-none-eabi/11.3.1/../../../../arm-none-eabi/lib/thumb/v7e-m+fp/hard\libc_nano.a(libc_a-stdio.o) (_close_r)
C:/ST/STM32CubeIDE_1.14.1/STM32CubeIDE/plugins/com.st.stm32cube.ide.mcu.externaltools.gnu-tools-for-stm32.11.3.rel1.win32_1.1.100.202309141235/tools/bin/../lib/gcc/arm-none-eabi/11.3.1/../../../../arm-none-eabi/lib/thumb/v7e-m+fp/hard\libc_nano.a(libc_a-reent.o)
                              C:/ST/STM32CubeIDE_1.14.1/STM32CubeIDE/plugins/com.st.stm32cube.ide.mcu.externaltools.gnu-tools-for-stm32.11.3.rel1.win32_1.1.100.202309141235/tools/bin/../lib/gcc/arm-none-eabi/11.3.1/../../../../arm-none-eabi/lib/thumb/v7e-m+fp/hard\libc_nano.a(libc_a-closer.o) (errno)
C:/ST/STM32CubeIDE_1.14.1/STM32CubeIDE/plugins/com.st.stm32cube.ide.mcu.externaltools.gnu-tools-for-stm32.11.3.rel1.win32_1.1.100.202309141235/tools/bin/../lib/gcc/arm-none-eabi/11.3.1/../../../../arm-none-eabi/lib/thumb/v7e-m+fp/hard\libc_nano.a(libc_a-impure.o)
                              C:/ST/STM32CubeIDE_1.14.1/STM32CubeIDE/plugins/com.st.stm32cube.ide.mcu.externaltools.gnu-tools-for-stm32.11.3.rel1.win32_1.1.100.202309141235/tools/bin/../lib/gcc/arm-none-eabi/11.3.1/../../../../arm-none-eabi/lib/thumb/v7e-m+fp/hard\libc_nano.a(libc_a-sprintf.o) (_impure_ptr)
[...]
Memory Configuration

Name             Origin             Length             Attributes
CCMRAM           0x0000000010000000 0x0000000000010000 xrw
RAM              0x0000000020000000 0x0000000000020000 xrw
FLASH            0x0000000008000000 0x0000000000100000 xr
*default*        0x0000000000000000 0xffffffffffffffff

Linker script and memory map

LOAD C:/ST/STM32CubeIDE_1.14.1/STM32CubeIDE/plugins/com.st.stm32cube.ide.mcu.externaltools.gnu-tools-for-stm32.11.3.rel1.win32_1.1.100.202309141235/tools/bin/../lib/gcc/arm-none-eabi/11.3.1/thumb/v7e-m+fp/hard/crti.o
LOAD C:/ST/STM32CubeIDE_1.14.1/STM32CubeIDE/plugins/com.st.stm32cube.ide.mcu.externaltools.gnu-tools-for-stm32.11.3.rel1.win32_1.1.100.202309141235/tools/bin/../lib/gcc/arm-none-eabi/11.3.1/thumb/v7e-m+fp/hard/crtbegin.o
LOAD C:/ST/STM32CubeIDE_1.14.1/STM32CubeIDE/plugins/com.st.stm32cube.ide.mcu.externaltools.gnu-tools-for-stm32.11.3.rel1.win32_1.1.100.202309141235/tools/bin/../lib/gcc/arm-none-eabi/11.3.1/../../../../arm-none-eabi/lib/thumb/v7e-m+fp/hard/crt0.o
LOAD ./Core/Src/main.o
LOAD ./Core/Src/stm32f4xx_hal_msp.o
LOAD ./Core/Src/stm32f4xx_hal_timebase_tim.o
LOAD ./Core/Src/stm32f4xx_it.o
LOAD ./Core/Src/syscalls.o
LOAD ./Core/Src/sysmem.o
LOAD ./Core/Src/system_stm32f4xx.o
LOAD ./Core/Startup/startup_stm32f407vgtx.o
LOAD ./Drivers/STM32F4xx_HAL_Driver/Src/stm32f4xx_hal.o
LOAD ./Drivers/STM32F4xx_HAL_Driver/Src/stm32f4xx_hal_cortex.o
LOAD ./Drivers/STM32F4xx_HAL_Driver/Src/stm32f4xx_hal_dma.o
LOAD ./Drivers/STM32F4xx_HAL_Driver/Src/stm32f4xx_hal_dma_ex.o
LOAD ./Drivers/STM32F4xx_HAL_Driver/Src/stm32f4xx_hal_exti.o
LOAD ./Drivers/STM32F4xx_HAL_Driver/Src/stm32f4xx_hal_flash.o
LOAD ./Drivers/STM32F4xx_HAL_Driver/Src/stm32f4xx_hal_flash_ex.o
LOAD ./Drivers/STM32F4xx_HAL_Driver/Src/stm32f4xx_hal_flash_ramfunc.o
LOAD ./Drivers/STM32F4xx_HAL_Driver/Src/stm32f4xx_hal_gpio.o
LOAD ./Drivers/STM32F4xx_HAL_Driver/Src/stm32f4xx_hal_pwr.o
LOAD ./Drivers/STM32F4xx_HAL_Driver/Src/stm32f4xx_hal_pwr_ex.o
LOAD ./Drivers/STM32F4xx_HAL_Driver/Src/stm32f4xx_hal_rcc.o
LOAD ./Drivers/STM32F4xx_HAL_Driver/Src/stm32f4xx_hal_rcc_ex.o
LOAD ./Drivers/STM32F4xx_HAL_Driver/Src/stm32f4xx_hal_rtc.o
LOAD ./Drivers/STM32F4xx_HAL_Driver/Src/stm32f4xx_hal_rtc_ex.o
LOAD ./Drivers/STM32F4xx_HAL_Driver/Src/stm32f4xx_hal_tim.o
LOAD ./Drivers/STM32F4xx_HAL_Driver/Src/stm32f4xx_hal_tim_ex.o
LOAD ./Drivers/STM32F4xx_HAL_Driver/Src/stm32f4xx_hal_uart.o
LOAD ./common/ThirdParty/FreeRTOS/croutine.o
LOAD ./common/ThirdParty/FreeRTOS/event_groups.o
LOAD ./common/ThirdParty/FreeRTOS/list.o
LOAD ./common/ThirdParty/FreeRTOS/queue.o
LOAD ./common/ThirdParty/FreeRTOS/stream_buffer.o
LOAD ./common/ThirdParty/FreeRTOS/tasks.o
LOAD ./common/ThirdParty/FreeRTOS/timers.o
LOAD ./common/ThirdParty/FreeRTOS/portable/GCC/ARM_CM4F/port.o
LOAD ./common/ThirdParty/FreeRTOS/portable/MemMang/heap_4.o
START GROUP
LOAD C:/ST/STM32CubeIDE_1.14.1/STM32CubeIDE/plugins/com.st.stm32cube.ide.mcu.externaltools.gnu-tools-for-stm32.11.3.rel1.win32_1.1.100.202309141235/tools/bin/../lib/gcc/arm-none-eabi/11.3.1/../../../../arm-none-eabi/lib/thumb/v7e-m+fp/hard\libc_nano.a
LOAD C:/ST/STM32CubeIDE_1.14.1/STM32CubeIDE/plugins/com.st.stm32cube.ide.mcu.externaltools.gnu-tools-for-stm32.11.3.rel1.win32_1.1.100.202309141235/tools/bin/../lib/gcc/arm-none-eabi/11.3.1/../../../../arm-none-eabi/lib/thumb/v7e-m+fp/hard\libm.a
END GROUP
START GROUP
LOAD C:/ST/STM32CubeIDE_1.14.1/STM32CubeIDE/plugins/com.st.stm32cube.ide.mcu.externaltools.gnu-tools-for-stm32.11.3.rel1.win32_1.1.100.202309141235/tools/bin/../lib/gcc/arm-none-eabi/11.3.1/thumb/v7e-m+fp/hard\libgcc.a
LOAD C:/ST/STM32CubeIDE_1.14.1/STM32CubeIDE/plugins/com.st.stm32cube.ide.mcu.externaltools.gnu-tools-for-stm32.11.3.rel1.win32_1.1.100.202309141235/tools/bin/../lib/gcc/arm-none-eabi/11.3.1/../../../../arm-none-eabi/lib/thumb/v7e-m+fp/hard\libc_nano.a
END GROUP
START GROUP
LOAD C:/ST/STM32CubeIDE_1.14.1/STM32CubeIDE/plugins/com.st.stm32cube.ide.mcu.externaltools.gnu-tools-for-stm32.11.3.rel1.win32_1.1.100.202309141235/tools/bin/../lib/gcc/arm-none-eabi/11.3.1/thumb/v7e-m+fp/hard\libgcc.a
LOAD C:/ST/STM32CubeIDE_1.14.1/STM32CubeIDE/plugins/com.st.stm32cube.ide.mcu.externaltools.gnu-tools-for-stm32.11.3.rel1.win32_1.1.100.202309141235/tools/bin/../lib/gcc/arm-none-eabi/11.3.1/../../../../arm-none-eabi/lib/thumb/v7e-m+fp/hard\libc_nano.a
LOAD C:/ST/STM32CubeIDE_1.14.1/STM32CubeIDE/plugins/com.st.stm32cube.ide.mcu.externaltools.gnu-tools-for-stm32.11.3.rel1.win32_1.1.100.202309141235/tools/bin/../lib/gcc/arm-none-eabi/11.3.1/../../../../arm-none-eabi/lib/thumb/v7e-m+fp/hard\libnosys.a
END GROUP
START GROUP
LOAD C:/ST/STM32CubeIDE_1.14.1/STM32CubeIDE/plugins/com.st.stm32cube.ide.mcu.externaltools.gnu-tools-for-stm32.11.3.rel1.win32_1.1.100.202309141235/tools/bin/../lib/gcc/arm-none-eabi/11.3.1/thumb/v7e-m+fp/hard\libgcc.a
LOAD C:/ST/STM32CubeIDE_1.14.1/STM32CubeIDE/plugins/com.st.stm32cube.ide.mcu.externaltools.gnu-tools-for-stm32.11.3.rel1.win32_1.1.100.202309141235/tools/bin/../lib/gcc/arm-none-eabi/11.3.1/../../../../arm-none-eabi/lib/thumb/v7e-m+fp/hard\libc_nano.a
LOAD C:/ST/STM32CubeIDE_1.14.1/STM32CubeIDE/plugins/com.st.stm32cube.ide.mcu.externaltools.gnu-tools-for-stm32.11.3.rel1.win32_1.1.100.202309141235/tools/bin/../lib/gcc/arm-none-eabi/11.3.1/../../../../arm-none-eabi/lib/thumb/v7e-m+fp/hard\libnosys.a
END GROUP
LOAD C:/ST/STM32CubeIDE_1.14.1/STM32CubeIDE/plugins/com.st.stm32cube.ide.mcu.externaltools.gnu-tools-for-stm32.11.3.rel1.win32_1.1.100.202309141235/tools/bin/../lib/gcc/arm-none-eabi/11.3.1/thumb/v7e-m+fp/hard/crtend.o
LOAD C:/ST/STM32CubeIDE_1.14.1/STM32CubeIDE/plugins/com.st.stm32cube.ide.mcu.externaltools.gnu-tools-for-stm32.11.3.rel1.win32_1.1.100.202309141235/tools/bin/../lib/gcc/arm-none-eabi/11.3.1/thumb/v7e-m+fp/hard/crtn.o
                0x0000000020020000                _estack = (ORIGIN (RAM) + LENGTH (RAM))
                0x0000000000000200                _Min_Heap_Size = 0x200
                0x0000000000000400                _Min_Stack_Size = 0x400

.isr_vector     0x0000000008000000      0x188
                0x0000000008000000                . = ALIGN (0x4)
 *(.isr_vector)
 .isr_vector    0x0000000008000000      0x188 ./Core/Startup/startup_stm32f407vgtx.o
                0x0000000008000000                g_pfnVectors
                0x0000000008000188                . = ALIGN (0x4)

.text           0x0000000008000190     0x6fc8
                0x0000000008000190                . = ALIGN (0x4)
 *(.text)
 .text          0x0000000008000190       0x40 C:/ST/STM32CubeIDE_1.14.1/STM32CubeIDE/plugins/com.st.stm32cube.ide.mcu.externaltools.gnu-tools-for-stm32.11.3.rel1.win32_1.1.100.202309141235/tools/bin/../lib/gcc/arm-none-eabi/11.3.1/thumb/v7e-m+fp/hard/crtbegin.o
 .text          0x00000000080001d0       0x10 C:/ST/STM32CubeIDE_1.14.1/STM32CubeIDE/plugins/com.st.stm32cube.ide.mcu.externaltools.gnu-tools-for-stm32.11.3.rel1.win32_1.1.100.202309141235/tools/bin/../lib/gcc/arm-none-eabi/11.3.1/../../../../arm-none-eabi/lib/thumb/v7e-m+fp/hard\libc_nano.a(libc_a-strlen.o)
                0x00000000080001d0                strlen
 .text          0x00000000080001e0       0xa0 C:/ST/STM32CubeIDE_1.14.1/STM32CubeIDE/plugins/com.st.stm32cube.ide.mcu.externaltools.gnu-tools-for-stm32.11.3.rel1.win32_1.1.100.202309141235/tools/bin/../lib/gcc/arm-none-eabi/11.3.1/../../../../arm-none-eabi/lib/thumb/v7e-m+fp/hard\libc_nano.a(libc_a-memchr.o)
                0x00000000080001e0                memchr
 .text          0x0000000008000280       0x30 C:/ST/STM32CubeIDE_1.14.1/STM32CubeIDE/plugins/com.st.stm32cube.ide.mcu.externaltools.gnu-tools-for-stm32.11.3.rel1.win32_1.1.100.202309141235/tools/bin/../lib/gcc/arm-none-eabi/11.3.1/thumb/v7e-m+fp/hard\libgcc.a(_aeabi_uldivmod.o)
                0x0000000008000280                __aeabi_uldivmod
 .text          0x00000000080002b0      0x2c8 C:/ST/STM32CubeIDE_1.14.1/STM32CubeIDE/plugins/com.st.stm32cube.ide.mcu.externaltools.gnu-tools-for-stm32.11.3.rel1.win32_1.1.100.202309141235/tools/bin/../lib/gcc/arm-none-eabi/11.3.1/thumb/v7e-m+fp/hard\libgcc.a(_udivmoddi4.o)
                0x00000000080002b0                __udivmoddi4
 .text          0x0000000008000578        0x4 C:/ST/STM32CubeIDE_1.14.1/STM32CubeIDE/plugins/com.st.stm32cube.ide.mcu.externaltools.gnu-tools-for-stm32.11.3.rel1.win32_1.1.100.202309141235/tools/bin/../lib/gcc/arm-none-eabi/11.3.1/thumb/v7e-m+fp/hard\libgcc.a(_dvmd_tls.o)
                0x0000000008000578                __aeabi_idiv0
                0x0000000008000578                __aeabi_ldiv0
 *(.text*)
 .text.__NVIC_EnableIRQ
                0x000000000800057c       0x3c ./Core/Src/main.o
 .text.__NVIC_SetPendingIRQ
                0x00000000080005b8       0x3c ./Core/Src/main.o
 .text.__NVIC_ClearPendingIRQ
                0x00000000080005f4       0x3c ./Core/Src/main.o
 .text.__NVIC_SetPriority
                0x0000000008000630       0x54 ./Core/Src/main.o
 .text.main     0x0000000008000684       0xc0 ./Core/Src/main.o
                0x0000000008000684                main
 .text.SystemClock_Config
                0x0000000008000744       0xd8 ./Core/Src/main.o
                0x0000000008000744                SystemClock_Config
 .text.MX_RTC_Init
                0x000000000800081c       0x4c ./Core/Src/main.o
 .text.MX_USART2_UART_Init
                0x0000000008000868       0x54 ./Core/Src/main.o
 .text.MX_GPIO_Init
                0x00000000080008bc      0x2bc ./Core/Src/main.o
 .text.vPeriodicTask
                0x0000000008000b78       0x64 ./Core/Src/main.o
                0x0000000008000b78                vPeriodicTask
 .text.vHandlerTask
                0x0000000008000bdc       0x48 ./Core/Src/main.o
                0x0000000008000bdc                vHandlerTask
 .text.EXTI15_10_IRQHandler
                0x0000000008000c24       0xa8 ./Core/Src/main.o
                0x0000000008000c24                EXTI15_10_IRQHandler
 .text.HAL_TIM_PeriodElapsedCallback
                0x0000000008000ccc       0x24 ./Core/Src/main.o
                0x0000000008000ccc                HAL_TIM_PeriodElapsedCallback
 .text.Error_Handler
                0x0000000008000cf0        0xa ./Core/Src/main.o
                0x0000000008000cf0                Error_Handler
 *fill*         0x0000000008000cfa        0x2 
 .text.HAL_MspInit
                0x0000000008000cfc       0x50 ./Core/Src/stm32f4xx_hal_msp.o
                0x0000000008000cfc                HAL_MspInit
 .text.HAL_RTC_MspInit
                0x0000000008000d4c       0x54 ./Core/Src/stm32f4xx_hal_msp.o
                0x0000000008000d4c                HAL_RTC_MspInit
 .text.HAL_UART_MspInit
                0x0000000008000da0       0xa0 ./Core/Src/stm32f4xx_hal_msp.o
                0x0000000008000da0                HAL_UART_MspInit
 .text.HAL_InitTick
                0x0000000008000e40       0xf8 ./Core/Src/stm32f4xx_hal_timebase_tim.o
                0x0000000008000e40                HAL_InitTick
 .text.NMI_Handler
                0x0000000008000f38        0x6 ./Core/Src/stm32f4xx_it.o
                0x0000000008000f38                NMI_Handler
 .text.HardFault_Handler
                0x0000000008000f3e        0x6 ./Core/Src/stm32f4xx_it.o
                0x0000000008000f3e                HardFault_Handler
 .text.MemManage_Handler
                0x0000000008000f44        0x6 ./Core/Src/stm32f4xx_it.o
                0x0000000008000f44                MemManage_Handler
 .text.BusFault_Handler
                0x0000000008000f4a        0x6 ./Core/Src/stm32f4xx_it.o
                0x0000000008000f4a                BusFault_Handler
 .text.UsageFault_Handler
                0x0000000008000f50        0x6 ./Core/Src/stm32f4xx_it.o
                0x0000000008000f50                UsageFault_Handler
 .text.DebugMon_Handler
                0x0000000008000f56        0xe ./Core/Src/stm32f4xx_it.o
                0x0000000008000f56                DebugMon_Handler
 .text.USART2_IRQHandler
                0x0000000008000f64       0x14 ./Core/Src/stm32f4xx_it.o
                0x0000000008000f64                USART2_IRQHandler
 .text.TIM6_DAC_IRQHandler
                0x0000000008000f78       0x14 ./Core/Src/stm32f4xx_it.o
                0x0000000008000f78                TIM6_DAC_IRQHandler
 .text._sbrk    0x0000000008000f8c       0x6c ./Core/Src/sysmem.o
                0x0000000008000f8c                _sbrk
 .text.SystemInit
                0x0000000008000ff8       0x24 ./Core/Src/system_stm32f4xx.o
                0x0000000008000ff8                SystemInit
 .text.Reset_Handler
                0x000000000800101c       0x50 ./Core/Startup/startup_stm32f407vgtx.o
                0x000000000800101c                Reset_Handler
 .text.Default_Handler
                0x000000000800106c        0x2 ./Core/Startup/startup_stm32f407vgtx.o
                0x000000000800106c                RTC_Alarm_IRQHandler
                0x000000000800106c                HASH_RNG_IRQHandler
                0x000000000800106c                EXTI2_IRQHandler
                0x000000000800106c                TIM8_CC_IRQHandler
                0x000000000800106c                TIM1_CC_IRQHandler
                0x000000000800106c                DMA2_Stream5_IRQHandler
                0x000000000800106c                DMA1_Stream5_IRQHandler
                0x000000000800106c                PVD_IRQHandler
                0x000000000800106c                SDIO_IRQHandler
                0x000000000800106c                TAMP_STAMP_IRQHandler
                0x000000000800106c                CAN2_RX1_IRQHandler
                0x000000000800106c                EXTI3_IRQHandler
                0x000000000800106c                TIM8_TRG_COM_TIM14_IRQHandler
                0x000000000800106c                TIM1_UP_TIM10_IRQHandler
                0x000000000800106c                TIM8_UP_TIM13_IRQHandler
                0x000000000800106c                I2C3_ER_IRQHandler
                0x000000000800106c                EXTI0_IRQHandler
                0x000000000800106c                I2C2_EV_IRQHandler
                0x000000000800106c                DMA1_Stream2_IRQHandler
                0x000000000800106c                CAN1_RX0_IRQHandler
                0x000000000800106c                FPU_IRQHandler
                0x000000000800106c                OTG_HS_WKUP_IRQHandler
                0x000000000800106c                CAN2_SCE_IRQHandler
                0x000000000800106c                DMA2_Stream2_IRQHandler
                0x000000000800106c                SPI1_IRQHandler
                0x000000000800106c                TIM1_BRK_TIM9_IRQHandler
                0x000000000800106c                DCMI_IRQHandler
                0x000000000800106c                CAN2_RX0_IRQHandler
                0x000000000800106c                DMA2_Stream3_IRQHandler
                0x000000000800106c                USART6_IRQHandler
                0x000000000800106c                USART3_IRQHandler
                0x000000000800106c                CAN1_RX1_IRQHandler
                0x000000000800106c                UART5_IRQHandler
                0x000000000800106c                DMA2_Stream0_IRQHandler
                0x000000000800106c                TIM4_IRQHandler
                0x000000000800106c                I2C1_EV_IRQHandler
                0x000000000800106c                DMA1_Stream6_IRQHandler
                0x000000000800106c                DMA1_Stream1_IRQHandler
                0x000000000800106c                UART4_IRQHandler
                0x000000000800106c                TIM3_IRQHandler
                0x000000000800106c                RCC_IRQHandler
                0x000000000800106c                TIM8_BRK_TIM12_IRQHandler
                0x000000000800106c                Default_Handler
                0x000000000800106c                ADC_IRQHandler
                0x000000000800106c                DMA1_Stream7_IRQHandler
                0x000000000800106c                TIM7_IRQHandler
                0x000000000800106c                CAN2_TX_IRQHandler
                0x000000000800106c                TIM5_IRQHandler
                0x000000000800106c                DMA2_Stream7_IRQHandler
                0x000000000800106c                I2C3_EV_IRQHandler
                0x000000000800106c                EXTI9_5_IRQHandler
                0x000000000800106c                RTC_WKUP_IRQHandler
                0x000000000800106c                ETH_WKUP_IRQHandler
                0x000000000800106c                SPI2_IRQHandler
                0x000000000800106c                OTG_HS_EP1_IN_IRQHandler
                0x000000000800106c                DMA1_Stream0_IRQHandler
                0x000000000800106c                CAN1_TX_IRQHandler
                0x000000000800106c                EXTI4_IRQHandler
                0x000000000800106c                FSMC_IRQHandler
                0x000000000800106c                ETH_IRQHandler
                0x000000000800106c                OTG_HS_EP1_OUT_IRQHandler
                0x000000000800106c                WWDG_IRQHandler
                0x000000000800106c                TIM2_IRQHandler
                0x000000000800106c                OTG_FS_WKUP_IRQHandler
                0x000000000800106c                TIM1_TRG_COM_TIM11_IRQHandler
                0x000000000800106c                OTG_HS_IRQHandler
                0x000000000800106c                EXTI1_IRQHandler
                0x000000000800106c                I2C2_ER_IRQHandler
                0x000000000800106c                DMA2_Stream1_IRQHandler
                0x000000000800106c                CAN1_SCE_IRQHandler
                0x000000000800106c                FLASH_IRQHandler
                0x000000000800106c                DMA2_Stream4_IRQHandler
                0x000000000800106c                USART1_IRQHandler
                0x000000000800106c                OTG_FS_IRQHandler
                0x000000000800106c                SPI3_IRQHandler
                0x000000000800106c                DMA1_Stream4_IRQHandler
                0x000000000800106c                I2C1_ER_IRQHandler
                0x000000000800106c                DMA2_Stream6_IRQHandler
                0x000000000800106c                DMA1_Stream3_IRQHandler
 *fill*         0x000000000800106e        0x2 
 .text.HAL_Init
                0x0000000008001070       0x44 ./Drivers/STM32F4xx_HAL_Driver/Src/stm32f4xx_hal.o
                0x0000000008001070                HAL_Init
 .text.HAL_IncTick
                0x00000000080010b4       0x28 ./Drivers/STM32F4xx_HAL_Driver/Src/stm32f4xx_hal.o
                0x00000000080010b4                HAL_IncTick
 .text.HAL_GetTick
                0x00000000080010dc       0x18 ./Drivers/STM32F4xx_HAL_Driver/Src/stm32f4xx_hal.o
                0x00000000080010dc                HAL_GetTick
 .text.__NVIC_SetPriorityGrouping
                0x00000000080010f4       0x48 ./Drivers/STM32F4xx_HAL_Driver/Src/stm32f4xx_hal_cortex.o
 .text.__NVIC_GetPriorityGrouping
                0x000000000800113c       0x1c ./Drivers/STM32F4xx_HAL_Driver/Src/stm32f4xx_hal_cortex.o
 .text.__NVIC_EnableIRQ
                0x0000000008001158       0x3c ./Drivers/STM32F4xx_HAL_Driver/Src/stm32f4xx_hal_cortex.o
 .text.__NVIC_SetPriority
                0x0000000008001194       0x54 ./Drivers/STM32F4xx_HAL_Driver/Src/stm32f4xx_hal_cortex.o
 .text.NVIC_EncodePriority
                0x00000000080011e8       0x66 ./Drivers/STM32F4xx_HAL_Driver/Src/stm32f4xx_hal_cortex.o
 .text.HAL_NVIC_SetPriorityGrouping
                0x000000000800124e       0x16 ./Drivers/STM32F4xx_HAL_Driver/Src/stm32f4xx_hal_cortex.o
                0x000000000800124e                HAL_NVIC_SetPriorityGrouping
 .text.HAL_NVIC_SetPriority
                0x0000000008001264       0x38 ./Drivers/STM32F4xx_HAL_Driver/Src/stm32f4xx_hal_cortex.o
                0x0000000008001264                HAL_NVIC_SetPriority
 .text.HAL_NVIC_EnableIRQ
                0x000000000800129c       0x1c ./Drivers/STM32F4xx_HAL_Driver/Src/stm32f4xx_hal_cortex.o
                0x000000000800129c                HAL_NVIC_EnableIRQ
 .text.HAL_DMA_Abort
                0x00000000080012b8       0xe0 ./Drivers/STM32F4xx_HAL_Driver/Src/stm32f4xx_hal_dma.o
                0x00000000080012b8                HAL_DMA_Abort
 .text.HAL_DMA_Abort_IT
                0x0000000008001398       0x44 ./Drivers/STM32F4xx_HAL_Driver/Src/stm32f4xx_hal_dma.o
                0x0000000008001398                HAL_DMA_Abort_IT
 .text.HAL_GPIO_Init
                0x00000000080013dc      0x338 ./Drivers/STM32F4xx_HAL_Driver/Src/stm32f4xx_hal_gpio.o
                0x00000000080013dc                HAL_GPIO_Init
 .text.HAL_GPIO_WritePin
                0x0000000008001714       0x32 ./Drivers/STM32F4xx_HAL_Driver/Src/stm32f4xx_hal_gpio.o
                0x0000000008001714                HAL_GPIO_WritePin
 *fill*         0x0000000008001746        0x2 
 .text.HAL_RCC_OscConfig
                0x0000000008001748      0x4f0 ./Drivers/STM32F4xx_HAL_Driver/Src/stm32f4xx_hal_rcc.o
                0x0000000008001748                HAL_RCC_OscConfig
 .text.HAL_RCC_ClockConfig
                0x0000000008001c38      0x1cc ./Drivers/STM32F4xx_HAL_Driver/Src/stm32f4xx_hal_rcc.o
                0x0000000008001c38                HAL_RCC_ClockConfig
 .text.HAL_RCC_GetSysClockFreq
                0x0000000008001e04      0x20c ./Drivers/STM32F4xx_HAL_Driver/Src/stm32f4xx_hal_rcc.o
                0x0000000008001e04                HAL_RCC_GetSysClockFreq
 .text.HAL_RCC_GetHCLKFreq
                0x0000000008002010       0x18 ./Drivers/STM32F4xx_HAL_Driver/Src/stm32f4xx_hal_rcc.o
                0x0000000008002010                HAL_RCC_GetHCLKFreq
 .text.HAL_RCC_GetPCLK1Freq
                0x0000000008002028       0x28 ./Drivers/STM32F4xx_HAL_Driver/Src/stm32f4xx_hal_rcc.o
                0x0000000008002028                HAL_RCC_GetPCLK1Freq
 .text.HAL_RCC_GetPCLK2Freq
                0x0000000008002050       0x28 ./Drivers/STM32F4xx_HAL_Driver/Src/stm32f4xx_hal_rcc.o
                0x0000000008002050                HAL_RCC_GetPCLK2Freq
 .text.HAL_RCC_GetClockConfig
                0x0000000008002078       0x64 ./Drivers/STM32F4xx_HAL_Driver/Src/stm32f4xx_hal_rcc.o
                0x0000000008002078                HAL_RCC_GetClockConfig
 .text.HAL_RCCEx_PeriphCLKConfig
                0x00000000080020dc      0x1c4 ./Drivers/STM32F4xx_HAL_Driver/Src/stm32f4xx_hal_rcc_ex.o
                0x00000000080020dc                HAL_RCCEx_PeriphCLKConfig
 .text.HAL_RTC_Init
                0x00000000080022a0      0x106 ./Drivers/STM32F4xx_HAL_Driver/Src/stm32f4xx_hal_rtc.o
                0x00000000080022a0                HAL_RTC_Init
 *fill*         0x00000000080023a6        0x2 
 .text.HAL_RTC_WaitForSynchro
                0x00000000080023a8       0x4c ./Drivers/STM32F4xx_HAL_Driver/Src/stm32f4xx_hal_rtc.o
                0x00000000080023a8                HAL_RTC_WaitForSynchro
 .text.RTC_EnterInitMode
                0x00000000080023f4       0x6e ./Drivers/STM32F4xx_HAL_Driver/Src/stm32f4xx_hal_rtc.o
                0x00000000080023f4                RTC_EnterInitMode
 .text.RTC_ExitInitMode
                0x0000000008002462       0x4a ./Drivers/STM32F4xx_HAL_Driver/Src/stm32f4xx_hal_rtc.o
                0x0000000008002462                RTC_ExitInitMode
 .text.HAL_TIM_Base_Init
                0x00000000080024ac       0x9e ./Drivers/STM32F4xx_HAL_Driver/Src/stm32f4xx_hal_tim.o
                0x00000000080024ac                HAL_TIM_Base_Init
 .text.HAL_TIM_Base_MspInit
                0x000000000800254a       0x14 ./Drivers/STM32F4xx_HAL_Driver/Src/stm32f4xx_hal_tim.o
                0x000000000800254a                HAL_TIM_Base_MspInit
 *fill*         0x000000000800255e        0x2 
 .text.HAL_TIM_Base_Start_IT
                0x0000000008002560       0xe0 ./Drivers/STM32F4xx_HAL_Driver/Src/stm32f4xx_hal_tim.o
                0x0000000008002560                HAL_TIM_Base_Start_IT
 .text.HAL_TIM_IRQHandler
                0x0000000008002640      0x1e0 ./Drivers/STM32F4xx_HAL_Driver/Src/stm32f4xx_hal_tim.o
                0x0000000008002640                HAL_TIM_IRQHandler
 .text.HAL_TIM_OC_DelayElapsedCallback
                0x0000000008002820       0x14 ./Drivers/STM32F4xx_HAL_Driver/Src/stm32f4xx_hal_tim.o
                0x0000000008002820                HAL_TIM_OC_DelayElapsedCallback
 .text.HAL_TIM_IC_CaptureCallback
                0x0000000008002834       0x14 ./Drivers/STM32F4xx_HAL_Driver/Src/stm32f4xx_hal_tim.o
                0x0000000008002834                HAL_TIM_IC_CaptureCallback
 .text.HAL_TIM_PWM_PulseFinishedCallback
                0x0000000008002848       0x14 ./Drivers/STM32F4xx_HAL_Driver/Src/stm32f4xx_hal_tim.o
                0x0000000008002848                HAL_TIM_PWM_PulseFinishedCallback
 .text.HAL_TIM_TriggerCallback
                0x000000000800285c       0x14 ./Drivers/STM32F4xx_HAL_Driver/Src/stm32f4xx_hal_tim.o
                0x000000000800285c                HAL_TIM_TriggerCallback
 .text.TIM_Base_SetConfig
                0x0000000008002870      0x158 ./Drivers/STM32F4xx_HAL_Driver/Src/stm32f4xx_hal_tim.o
                0x0000000008002870                TIM_Base_SetConfig
 .text.HAL_TIMEx_CommutCallback
                0x00000000080029c8       0x14 ./Drivers/STM32F4xx_HAL_Driver/Src/stm32f4xx_hal_tim_ex.o
                0x00000000080029c8                HAL_TIMEx_CommutCallback
 .text.HAL_TIMEx_BreakCallback
                0x00000000080029dc       0x14 ./Drivers/STM32F4xx_HAL_Driver/Src/stm32f4xx_hal_tim_ex.o
                0x00000000080029dc                HAL_TIMEx_BreakCallback
 .text.HAL_UART_Init
                0x00000000080029f0       0xa0 ./Drivers/STM32F4xx_HAL_Driver/Src/stm32f4xx_hal_uart.o
                0x00000000080029f0                HAL_UART_Init
 .text.HAL_UART_Transmit
                0x0000000008002a90      0x116 ./Drivers/STM32F4xx_HAL_Driver/Src/stm32f4xx_hal_uart.o
                0x0000000008002a90                HAL_UART_Transmit
 *fill*         0x0000000008002ba6        0x2 
 .text.HAL_UART_IRQHandler
                0x0000000008002ba8      0x524 ./Drivers/STM32F4xx_HAL_Driver/Src/stm32f4xx_hal_uart.o
                0x0000000008002ba8                HAL_UART_IRQHandler
 .text.HAL_UART_TxCpltCallback
                0x00000000080030cc       0x14 ./Drivers/STM32F4xx_HAL_Driver/Src/stm32f4xx_hal_uart.o
                0x00000000080030cc                HAL_UART_TxCpltCallback
 .text.HAL_UART_RxCpltCallback
                0x00000000080030e0       0x14 ./Drivers/STM32F4xx_HAL_Driver/Src/stm32f4xx_hal_uart.o
                0x00000000080030e0                HAL_UART_RxCpltCallback
 .text.HAL_UART_ErrorCallback
                0x00000000080030f4       0x14 ./Drivers/STM32F4xx_HAL_Driver/Src/stm32f4xx_hal_uart.o
                0x00000000080030f4                HAL_UART_ErrorCallback
 .text.HAL_UARTEx_RxEventCallback
                0x0000000008003108       0x18 ./Drivers/STM32F4xx_HAL_Driver/Src/stm32f4xx_hal_uart.o
                0x0000000008003108                HAL_UARTEx_RxEventCallback
 .text.UART_WaitOnFlagUntilTimeout
                0x0000000008003120       0xb2 ./Drivers/STM32F4xx_HAL_Driver/Src/stm32f4xx_hal_uart.o
 .text.UART_EndRxTransfer
                0x00000000080031d2       0xc6 ./Drivers/STM32F4xx_HAL_Driver/Src/stm32f4xx_hal_uart.o
 .text.UART_DMAAbortOnError
                0x0000000008003298       0x28 ./Drivers/STM32F4xx_HAL_Driver/Src/stm32f4xx_hal_uart.o
 .text.UART_Transmit_IT
                0x00000000080032c0       0xa0 ./Drivers/STM32F4xx_HAL_Driver/Src/stm32f4xx_hal_uart.o
 .text.UART_EndTransmit_IT
                0x0000000008003360       0x30 ./Drivers/STM32F4xx_HAL_Driver/Src/stm32f4xx_hal_uart.o
 .text.UART_Receive_IT
                0x0000000008003390      0x17c ./Drivers/STM32F4xx_HAL_Driver/Src/stm32f4xx_hal_uart.o
 .text.UART_SetConfig
                0x000000000800350c      0x4e8 ./Drivers/STM32F4xx_HAL_Driver/Src/stm32f4xx_hal_uart.o
 .text.vListInitialise
                0x00000000080039f4       0x40 ./common/ThirdParty/FreeRTOS/list.o
                0x00000000080039f4                vListInitialise
 .text.vListInitialiseItem
                0x0000000008003a34       0x1a ./common/ThirdParty/FreeRTOS/list.o
                0x0000000008003a34                vListInitialiseItem
 .text.vListInsertEnd
                0x0000000008003a4e       0x48 ./common/ThirdParty/FreeRTOS/list.o
                0x0000000008003a4e                vListInsertEnd
 .text.vListInsert
                0x0000000008003a96       0x72 ./common/ThirdParty/FreeRTOS/list.o
                0x0000000008003a96                vListInsert
 .text.uxListRemove
                0x0000000008003b08       0x54 ./common/ThirdParty/FreeRTOS/list.o
                0x0000000008003b08                uxListRemove
 .text.xQueueGenericReset
                0x0000000008003b5c       0xd0 ./common/ThirdParty/FreeRTOS/queue.o
                0x0000000008003b5c                xQueueGenericReset
 .text.xQueueGenericCreate
                0x0000000008003c2c       0xbe ./common/ThirdParty/FreeRTOS/queue.o
                0x0000000008003c2c                xQueueGenericCreate
 .text.prvInitialiseNewQueue
                0x0000000008003cea       0x46 ./common/ThirdParty/FreeRTOS/queue.o
 .text.xQueueCreateCountingSemaphore
                0x0000000008003d30       0x66 ./common/ThirdParty/FreeRTOS/queue.o
                0x0000000008003d30                xQueueCreateCountingSemaphore
 *fill*         0x0000000008003d96        0x2 
 .text.xQueueGenericSend
                0x0000000008003d98      0x1fc ./common/ThirdParty/FreeRTOS/queue.o
                0x0000000008003d98                xQueueGenericSend
 .text.xQueueGenericSendFromISR
                0x0000000008003f94      0x154 ./common/ThirdParty/FreeRTOS/queue.o
                0x0000000008003f94                xQueueGenericSendFromISR
 .text.xQueueGiveFromISR
                0x00000000080040e8      0x138 ./common/ThirdParty/FreeRTOS/queue.o
                0x00000000080040e8                xQueueGiveFromISR
 .text.xQueueReceive
                0x0000000008004220      0x1c0 ./common/ThirdParty/FreeRTOS/queue.o
                0x0000000008004220                xQueueReceive
 .text.xQueueSemaphoreTake
                0x00000000080043e0      0x218 ./common/ThirdParty/FreeRTOS/queue.o
                0x00000000080043e0                xQueueSemaphoreTake
 .text.prvGetDisinheritPriorityAfterTimeout
                0x00000000080045f8       0x30 ./common/ThirdParty/FreeRTOS/queue.o
 .text.prvCopyDataToQueue
                0x0000000008004628       0xd4 ./common/ThirdParty/FreeRTOS/queue.o
 .text.prvCopyDataFromQueue
                0x00000000080046fc       0x4c ./common/ThirdParty/FreeRTOS/queue.o
 .text.prvUnlockQueue
                0x0000000008004748       0xa4 ./common/ThirdParty/FreeRTOS/queue.o
 .text.prvIsQueueEmpty
                0x00000000080047ec       0x2c ./common/ThirdParty/FreeRTOS/queue.o
 .text.prvIsQueueFull
                0x0000000008004818       0x30 ./common/ThirdParty/FreeRTOS/queue.o
 .text.vQueueAddToRegistry
                0x0000000008004848       0x54 ./common/ThirdParty/FreeRTOS/queue.o
                0x0000000008004848                vQueueAddToRegistry
 .text.vQueueWaitForMessageRestricted
                0x000000000800489c       0x68 ./common/ThirdParty/FreeRTOS/queue.o
                0x000000000800489c                vQueueWaitForMessageRestricted
 .text.xTaskCreate
                0x0000000008004904       0x82 ./common/ThirdParty/FreeRTOS/tasks.o
                0x0000000008004904                xTaskCreate
 .text.prvInitialiseNewTask
                0x0000000008004986      0x12c ./common/ThirdParty/FreeRTOS/tasks.o
 *fill*         0x0000000008004ab2        0x2 
 .text.prvAddNewTaskToReadyList
                0x0000000008004ab4       0xdc ./common/ThirdParty/FreeRTOS/tasks.o
 .text.vTaskDelay
                0x0000000008004b90       0x68 ./common/ThirdParty/FreeRTOS/tasks.o
                0x0000000008004b90                vTaskDelay
 .text.vTaskStartScheduler
                0x0000000008004bf8       0xa4 ./common/ThirdParty/FreeRTOS/tasks.o
                0x0000000008004bf8                vTaskStartScheduler
 .text.vTaskSuspendAll
                0x0000000008004c9c       0x1c ./common/ThirdParty/FreeRTOS/tasks.o
                0x0000000008004c9c                vTaskSuspendAll
 .text.xTaskResumeAll
                0x0000000008004cb8      0x138 ./common/ThirdParty/FreeRTOS/tasks.o
                0x0000000008004cb8                xTaskResumeAll
 .text.xTaskGetTickCount
                0x0000000008004df0       0x20 ./common/ThirdParty/FreeRTOS/tasks.o
                0x0000000008004df0                xTaskGetTickCount
 .text.xTaskIncrementTick
                0x0000000008004e10      0x170 ./common/ThirdParty/FreeRTOS/tasks.o
                0x0000000008004e10                xTaskIncrementTick
 .text.vTaskSwitchContext
                0x0000000008004f80       0xb8 ./common/ThirdParty/FreeRTOS/tasks.o
                0x0000000008004f80                vTaskSwitchContext
 .text.vTaskPlaceOnEventList
                0x0000000008005038       0x48 ./common/ThirdParty/FreeRTOS/tasks.o
                0x0000000008005038                vTaskPlaceOnEventList
 .text.vTaskPlaceOnEventListRestricted
                0x0000000008005080       0x58 ./common/ThirdParty/FreeRTOS/tasks.o
                0x0000000008005080                vTaskPlaceOnEventListRestricted
 .text.xTaskRemoveFromEventList
                0x00000000080050d8       0xc4 ./common/ThirdParty/FreeRTOS/tasks.o
                0x00000000080050d8                xTaskRemoveFromEventList
 .text.vTaskInternalSetTimeOutState
                0x000000000800519c       0x2c ./common/ThirdParty/FreeRTOS/tasks.o
                0x000000000800519c                vTaskInternalSetTimeOutState
 .text.xTaskCheckForTimeOut
                0x00000000080051c8       0xcc ./common/ThirdParty/FreeRTOS/tasks.o
                0x00000000080051c8                xTaskCheckForTimeOut
 .text.vTaskMissedYield
                0x0000000008005294       0x18 ./common/ThirdParty/FreeRTOS/tasks.o
                0x0000000008005294                vTaskMissedYield
 .text.prvIdleTask
                0x00000000080052ac       0x30 ./common/ThirdParty/FreeRTOS/tasks.o
 .text.prvInitialiseTaskLists
                0x00000000080052dc       0x80 ./common/ThirdParty/FreeRTOS/tasks.o
 .text.prvCheckTasksWaitingTermination
                0x000000000800535c       0x5c ./common/ThirdParty/FreeRTOS/tasks.o
 .text.prvDeleteTCB
                0x00000000080053b8       0x20 ./common/ThirdParty/FreeRTOS/tasks.o
 .text.prvResetNextTaskUnblockTime
                0x00000000080053d8       0x38 ./common/ThirdParty/FreeRTOS/tasks.o
 .text.xTaskGetSchedulerState
                0x0000000008005410       0x3c ./common/ThirdParty/FreeRTOS/tasks.o
                0x0000000008005410                xTaskGetSchedulerState
 .text.xTaskPriorityInherit
                0x000000000800544c       0xec ./common/ThirdParty/FreeRTOS/tasks.o
                0x000000000800544c                xTaskPriorityInherit
 .text.xTaskPriorityDisinherit
                0x0000000008005538       0xf4 ./common/ThirdParty/FreeRTOS/tasks.o
                0x0000000008005538                xTaskPriorityDisinherit
 .text.vTaskPriorityDisinheritAfterTimeout
                0x000000000800562c      0x11c ./common/ThirdParty/FreeRTOS/tasks.o
                0x000000000800562c                vTaskPriorityDisinheritAfterTimeout
 .text.pvTaskIncrementMutexHeldCount
                0x0000000008005748       0x28 ./common/ThirdParty/FreeRTOS/tasks.o
                0x0000000008005748                pvTaskIncrementMutexHeldCount
 .text.prvAddCurrentTaskToDelayedList
                0x0000000008005770       0xcc ./common/ThirdParty/FreeRTOS/tasks.o
 .text.xTimerCreateTimerTask
                0x000000000800583c       0x64 ./common/ThirdParty/FreeRTOS/timers.o
                0x000000000800583c                xTimerCreateTimerTask
 .text.xTimerGenericCommand
                0x00000000080058a0       0x9c ./common/ThirdParty/FreeRTOS/timers.o
                0x00000000080058a0                xTimerGenericCommand
 .text.prvProcessExpiredTimer
                0x000000000800593c       0x98 ./common/ThirdParty/FreeRTOS/timers.o
 .text.prvTimerTask
                0x00000000080059d4       0x24 ./common/ThirdParty/FreeRTOS/timers.o
 .text.prvProcessTimerOrBlockTask
                0x00000000080059f8       0x9c ./common/ThirdParty/FreeRTOS/timers.o
 .text.prvGetNextExpireTime
                0x0000000008005a94       0x48 ./common/ThirdParty/FreeRTOS/timers.o
 .text.prvSampleTimeNow
                0x0000000008005adc       0x40 ./common/ThirdParty/FreeRTOS/timers.o
 .text.prvInsertTimerInActiveList
                0x0000000008005b1c       0x84 ./common/ThirdParty/FreeRTOS/timers.o
 .text.prvProcessReceivedCommands
                0x0000000008005ba0      0x18c ./common/ThirdParty/FreeRTOS/timers.o
 .text.prvSwitchTimerLists
                0x0000000008005d2c       0xc8 ./common/ThirdParty/FreeRTOS/timers.o
 .text.prvCheckForValidListAndQueue
                0x0000000008005df4       0x6c ./common/ThirdParty/FreeRTOS/timers.o
 .text.pxPortInitialiseStack
                0x0000000008005e60       0x68 ./common/ThirdParty/FreeRTOS/portable/GCC/ARM_CM4F/port.o
                0x0000000008005e60                pxPortInitialiseStack
 .text.prvTaskExitError
                0x0000000008005ec8       0x58 ./common/ThirdParty/FreeRTOS/portable/GCC/ARM_CM4F/port.o
 .text.SVC_Handler
                0x0000000008005f20       0x28 ./common/ThirdParty/FreeRTOS/portable/GCC/ARM_CM4F/port.o
                0x0000000008005f20                SVC_Handler
 .text.prvPortStartFirstTask
                0x0000000008005f48       0x2c ./common/ThirdParty/FreeRTOS/portable/GCC/ARM_CM4F/port.o
 .text.xPortStartScheduler
                0x0000000008005f74      0x144 ./common/ThirdParty/FreeRTOS/portable/GCC/ARM_CM4F/port.o
                0x0000000008005f74                xPortStartScheduler
 .text.vInitPrioGroupValue
                0x00000000080060b8       0xfc ./common/ThirdParty/FreeRTOS/portable/GCC/ARM_CM4F/port.o
                0x00000000080060b8                vInitPrioGroupValue
 .text.vPortEnterCritical
                0x00000000080061b4       0x60 ./common/ThirdParty/FreeRTOS/portable/GCC/ARM_CM4F/port.o
                0x00000000080061b4                vPortEnterCritical
 .text.vPortExitCritical
                0x0000000008006214       0x54 ./common/ThirdParty/FreeRTOS/portable/GCC/ARM_CM4F/port.o
                0x0000000008006214                vPortExitCritical
 *fill*         0x0000000008006268        0x8 
 .text.PendSV_Handler
                0x0000000008006270       0x68 ./common/ThirdParty/FreeRTOS/portable/GCC/ARM_CM4F/port.o
                0x0000000008006270                PendSV_Handler
 .text.SysTick_Handler
                0x00000000080062d8       0x44 ./common/ThirdParty/FreeRTOS/portable/GCC/ARM_CM4F/port.o
                0x00000000080062d8                SysTick_Handler
 .text.vPortSetupTimerInterrupt
                0x000000000800631c       0x48 ./common/ThirdParty/FreeRTOS/portable/GCC/ARM_CM4F/port.o
                0x000000000800631c                vPortSetupTimerInterrupt
 .text.vPortEnableVFP
                0x0000000008006364       0x18 ./common/ThirdParty/FreeRTOS/portable/GCC/ARM_CM4F/port.o
 .text.vPortValidateInterruptPriority
                0x000000000800637c       0x80 ./common/ThirdParty/FreeRTOS/portable/GCC/ARM_CM4F/port.o
                0x000000000800637c                vPortValidateInterruptPriority
 .text.pvPortMalloc
                0x00000000080063fc      0x1c0 ./common/ThirdParty/FreeRTOS/portable/MemMang/heap_4.o
                0x00000000080063fc                pvPortMalloc
 .text.vPortFree
                0x00000000080065bc       0xc4 ./common/ThirdParty/FreeRTOS/portable/MemMang/heap_4.o
                0x00000000080065bc                vPortFree
 .text.prvHeapInit
                0x0000000008006680       0xc4 ./common/ThirdParty/FreeRTOS/portable/MemMang/heap_4.o
 .text.prvInsertBlockIntoFreeList
                0x0000000008006744       0xb4 ./common/ThirdParty/FreeRTOS/portable/MemMang/heap_4.o
 .text.sprintf  0x00000000080067f8       0x40 C:/ST/STM32CubeIDE_1.14.1/STM32CubeIDE/plugins/com.st.stm32cube.ide.mcu.externaltools.gnu-tools-for-stm32.11.3.rel1.win32_1.1.100.202309141235/tools/bin/../lib/gcc/arm-none-eabi/11.3.1/../../../../arm-none-eabi/lib/thumb/v7e-m+fp/hard\libc_nano.a(libc_a-sprintf.o)
                0x00000000080067f8                siprintf
                0x00000000080067f8                sprintf
 .text.memset   0x0000000008006838       0x10 C:/ST/STM32CubeIDE_1.14.1/STM32CubeIDE/plugins/com.st.stm32cube.ide.mcu.externaltools.gnu-tools-for-stm32.11.3.rel1.win32_1.1.100.202309141235/tools/bin/../lib/gcc/arm-none-eabi/11.3.1/../../../../arm-none-eabi/lib/thumb/v7e-m+fp/hard\libc_nano.a(libc_a-memset.o)
                0x0000000008006838                memset
 .text.__errno  0x0000000008006848        0xc C:/ST/STM32CubeIDE_1.14.1/STM32CubeIDE/plugins/com.st.stm32cube.ide.mcu.externaltools.gnu-tools-for-stm32.11.3.rel1.win32_1.1.100.202309141235/tools/bin/../lib/gcc/arm-none-eabi/11.3.1/../../../../arm-none-eabi/lib/thumb/v7e-m+fp/hard\libc_nano.a(libc_a-errno.o)
                0x0000000008006848                __errno
 .text.__libc_init_array
                0x0000000008006854       0x48 C:/ST/STM32CubeIDE_1.14.1/STM32CubeIDE/plugins/com.st.stm32cube.ide.mcu.externaltools.gnu-tools-for-stm32.11.3.rel1.win32_1.1.100.202309141235/tools/bin/../lib/gcc/arm-none-eabi/11.3.1/../../../../arm-none-eabi/lib/thumb/v7e-m+fp/hard\libc_nano.a(libc_a-init.o)
                0x0000000008006854                __libc_init_array
 .text.__retarget_lock_acquire_recursive
                0x000000000800689c        0x2 C:/ST/STM32CubeIDE_1.14.1/STM32CubeIDE/plugins/com.st.stm32cube.ide.mcu.externaltools.gnu-tools-for-stm32.11.3.rel1.win32_1.1.100.202309141235/tools/bin/../lib/gcc/arm-none-eabi/11.3.1/../../../../arm-none-eabi/lib/thumb/v7e-m+fp/hard\libc_nano.a(libc_a-lock.o)
                0x000000000800689c                __retarget_lock_acquire_recursive
 .text.__retarget_lock_release_recursive
                0x000000000800689e        0x2 C:/ST/STM32CubeIDE_1.14.1/STM32CubeIDE/plugins/com.st.stm32cube.ide.mcu.externaltools.gnu-tools-for-stm32.11.3.rel1.win32_1.1.100.202309141235/tools/bin/../lib/gcc/arm-none-eabi/11.3.1/../../../../arm-none-eabi/lib/thumb/v7e-m+fp/hard\libc_nano.a(libc_a-lock.o)
                0x000000000800689e                __retarget_lock_release_recursive
 .text.memcpy   0x00000000080068a0       0x1c C:/ST/STM32CubeIDE_1.14.1/STM32CubeIDE/plugins/com.st.stm32cube.ide.mcu.externaltools.gnu-tools-for-stm32.11.3.rel1.win32_1.1.100.202309141235/tools/bin/../lib/gcc/arm-none-eabi/11.3.1/../../../../arm-none-eabi/lib/thumb/v7e-m+fp/hard\libc_nano.a(libc_a-memcpy-stub.o)
                0x00000000080068a0                memcpy
 .text._free_r  0x00000000080068bc       0x98 C:/ST/STM32CubeIDE_1.14.1/STM32CubeIDE/plugins/com.st.stm32cube.ide.mcu.externaltools.gnu-tools-for-stm32.11.3.rel1.win32_1.1.100.202309141235/tools/bin/../lib/gcc/arm-none-eabi/11.3.1/../../../../arm-none-eabi/lib/thumb/v7e-m+fp/hard\libc_nano.a(libc_a-freer.o)
                0x00000000080068bc                _free_r
 .text.sbrk_aligned
                0x0000000008006954       0x40 C:/ST/STM32CubeIDE_1.14.1/STM32CubeIDE/plugins/com.st.stm32cube.ide.mcu.externaltools.gnu-tools-for-stm32.11.3.rel1.win32_1.1.100.202309141235/tools/bin/../lib/gcc/arm-none-eabi/11.3.1/../../../../arm-none-eabi/lib/thumb/v7e-m+fp/hard\libc_nano.a(libc_a-mallocr.o)
 .text._malloc_r
                0x0000000008006994      0x100 C:/ST/STM32CubeIDE_1.14.1/STM32CubeIDE/plugins/com.st.stm32cube.ide.mcu.externaltools.gnu-tools-for-stm32.11.3.rel1.win32_1.1.100.202309141235/tools/bin/../lib/gcc/arm-none-eabi/11.3.1/../../../../arm-none-eabi/lib/thumb/v7e-m+fp/hard\libc_nano.a(libc_a-mallocr.o)
                0x0000000008006994                _malloc_r
 .text.__malloc_lock
                0x0000000008006a94        0xc C:/ST/STM32CubeIDE_1.14.1/STM32CubeIDE/plugins/com.st.stm32cube.ide.mcu.externaltools.gnu-tools-for-stm32.11.3.rel1.win32_1.1.100.202309141235/tools/bin/../lib/gcc/arm-none-eabi/11.3.1/../../../../arm-none-eabi/lib/thumb/v7e-m+fp/hard\libc_nano.a(libc_a-mlock.o)
                0x0000000008006a94                __malloc_lock
 .text.__malloc_unlock
                0x0000000008006aa0        0xc C:/ST/STM32CubeIDE_1.14.1/STM32CubeIDE/plugins/com.st.stm32cube.ide.mcu.externaltools.gnu-tools-for-stm32.11.3.rel1.win32_1.1.100.202309141235/tools/bin/../lib/gcc/arm-none-eabi/11.3.1/../../../../arm-none-eabi/lib/thumb/v7e-m+fp/hard\libc_nano.a(libc_a-mlock.o)
                0x0000000008006aa0                __malloc_unlock
 .text.__ssputs_r
                0x0000000008006aac       0xb4 C:/ST/STM32CubeIDE_1.14.1/STM32CubeIDE/plugins/com.st.stm32cube.ide.mcu.externaltools.gnu-tools-for-stm32.11.3.rel1.win32_1.1.100.202309141235/tools/bin/../lib/gcc/arm-none-eabi/11.3.1/../../../../arm-none-eabi/lib/thumb/v7e-m+fp/hard\libc_nano.a(libc_a-nano-svfprintf.o)
                0x0000000008006aac                __ssputs_r
 .text._svfprintf_r
                0x0000000008006b60      0x1fc C:/ST/STM32CubeIDE_1.14.1/STM32CubeIDE/plugins/com.st.stm32cube.ide.mcu.externaltools.gnu-tools-for-stm32.11.3.rel1.win32_1.1.100.202309141235/tools/bin/../lib/gcc/arm-none-eabi/11.3.1/../../../../arm-none-eabi/lib/thumb/v7e-m+fp/hard\libc_nano.a(libc_a-nano-svfprintf.o)
                0x0000000008006b60                _svfiprintf_r
                0x0000000008006b60                _svfprintf_r
 .text._printf_common
                0x0000000008006d5c       0xda C:/ST/STM32CubeIDE_1.14.1/STM32CubeIDE/plugins/com.st.stm32cube.ide.mcu.externaltools.gnu-tools-for-stm32.11.3.rel1.win32_1.1.100.202309141235/tools/bin/../lib/gcc/arm-none-eabi/11.3.1/../../../../arm-none-eabi/lib/thumb/v7e-m+fp/hard\libc_nano.a(libc_a-nano-vfprintf_i.o)
                0x0000000008006d5c                _printf_common
 *fill*         0x0000000008006e36        0x2 
 .text._printf_i
                0x0000000008006e38      0x244 C:/ST/STM32CubeIDE_1.14.1/STM32CubeIDE/plugins/com.st.stm32cube.ide.mcu.externaltools.gnu-tools-for-stm32.11.3.rel1.win32_1.1.100.202309141235/tools/bin/../lib/gcc/arm-none-eabi/11.3.1/../../../../arm-none-eabi/lib/thumb/v7e-m+fp/hard\libc_nano.a(libc_a-nano-vfprintf_i.o)
                0x0000000008006e38                _printf_i
 .text.memmove  0x000000000800707c       0x34 C:/ST/STM32CubeIDE_1.14.1/STM32CubeIDE/plugins/com.st.stm32cube.ide.mcu.externaltools.gnu-tools-for-stm32.11.3.rel1.win32_1.1.100.202309141235/tools/bin/../lib/gcc/arm-none-eabi/11.3.1/../../../../arm-none-eabi/lib/thumb/v7e-m+fp/hard\libc_nano.a(libc_a-memmove.o)
                0x000000000800707c                memmove
 .text._sbrk_r  0x00000000080070b0       0x20 C:/ST/STM32CubeIDE_1.14.1/STM32CubeIDE/plugins/com.st.stm32cube.ide.mcu.externaltools.gnu-tools-for-stm32.11.3.rel1.win32_1.1.100.202309141235/tools/bin/../lib/gcc/arm-none-eabi/11.3.1/../../../../arm-none-eabi/lib/thumb/v7e-m+fp/hard\libc_nano.a(libc_a-sbrkr.o)
                0x00000000080070b0                _sbrk_r
 .text._realloc_r
                0x00000000080070d0       0x5e C:/ST/STM32CubeIDE_1.14.1/STM32CubeIDE/plugins/com.st.stm32cube.ide.mcu.externaltools.gnu-tools-for-stm32.11.3.rel1.win32_1.1.100.202309141235/tools/bin/../lib/gcc/arm-none-eabi/11.3.1/../../../../arm-none-eabi/lib/thumb/v7e-m+fp/hard\libc_nano.a(libc_a-reallocr.o)
                0x00000000080070d0                _realloc_r
 .text._malloc_usable_size_r
                0x000000000800712e       0x10 C:/ST/STM32CubeIDE_1.14.1/STM32CubeIDE/plugins/com.st.stm32cube.ide.mcu.externaltools.gnu-tools-for-stm32.11.3.rel1.win32_1.1.100.202309141235/tools/bin/../lib/gcc/arm-none-eabi/11.3.1/../../../../arm-none-eabi/lib/thumb/v7e-m+fp/hard\libc_nano.a(libc_a-msizer.o)
                0x000000000800712e                _malloc_usable_size_r
 *(.glue_7)
 .glue_7        0x000000000800713e        0x0 linker stubs
 *(.glue_7t)
 .glue_7t       0x000000000800713e        0x0 linker stubs
 *(.eh_frame)
 *fill*         0x000000000800713e        0x2 
 .eh_frame      0x0000000008007140        0x0 C:/ST/STM32CubeIDE_1.14.1/STM32CubeIDE/plugins/com.st.stm32cube.ide.mcu.externaltools.gnu-tools-for-stm32.11.3.rel1.win32_1.1.100.202309141235/tools/bin/../lib/gcc/arm-none-eabi/11.3.1/thumb/v7e-m+fp/hard/crtbegin.o
 *(.init)
 .init          0x0000000008007140        0x4 C:/ST/STM32CubeIDE_1.14.1/STM32CubeIDE/plugins/com.st.stm32cube.ide.mcu.externaltools.gnu-tools-for-stm32.11.3.rel1.win32_1.1.100.202309141235/tools/bin/../lib/gcc/arm-none-eabi/11.3.1/thumb/v7e-m+fp/hard/crti.o
                0x0000000008007140                _init
 .init          0x0000000008007144        0x8 C:/ST/STM32CubeIDE_1.14.1/STM32CubeIDE/plugins/com.st.stm32cube.ide.mcu.externaltools.gnu-tools-for-stm32.11.3.rel1.win32_1.1.100.202309141235/tools/bin/../lib/gcc/arm-none-eabi/11.3.1/thumb/v7e-m+fp/hard/crtn.o
 *(.fini)
 .fini          0x000000000800714c        0x4 C:/ST/STM32CubeIDE_1.14.1/STM32CubeIDE/plugins/com.st.stm32cube.ide.mcu.externaltools.gnu-tools-for-stm32.11.3.rel1.win32_1.1.100.202309141235/tools/bin/../lib/gcc/arm-none-eabi/11.3.1/thumb/v7e-m+fp/hard/crti.o
                0x000000000800714c                _fini
 .fini          0x0000000008007150        0x8 C:/ST/STM32CubeIDE_1.14.1/STM32CubeIDE/plugins/com.st.stm32cube.ide.mcu.externaltools.gnu-tools-for-stm32.11.3.rel1.win32_1.1.100.202309141235/tools/bin/../lib/gcc/arm-none-eabi/11.3.1/thumb/v7e-m+fp/hard/crtn.o
                0x0000000008007158                . = ALIGN (0x4)
                0x0000000008007158                _etext = .

.vfp11_veneer   0x0000000008007158        0x0
 .vfp11_veneer  0x0000000008007158        0x0 linker stubs

.v4_bx          0x0000000008007158        0x0
 .v4_bx         0x0000000008007158        0x0 linker stubs

.iplt           0x0000000008007158        0x0
 .iplt          0x0000000008007158        0x0 C:/ST/STM32CubeIDE_1.14.1/STM32CubeIDE/plugins/com.st.stm32cube.ide.mcu.externaltools.gnu-tools-for-stm32.11.3.rel1.win32_1.1.100.202309141235/tools/bin/../lib/gcc/arm-none-eabi/11.3.1/thumb/v7e-m+fp/hard/crtbegin.o

.rodata         0x0000000008007158      0x12c
                0x0000000008007158                . = ALIGN (0x4)
 *(.rodata)
 .rodata        0x0000000008007158       0xc8 ./Core/Src/main.o
 .rodata        0x0000000008007220        0x5 ./common/ThirdParty/FreeRTOS/tasks.o
 *fill*         0x0000000008007225        0x3 
 .rodata        0x0000000008007228        0xd ./common/ThirdParty/FreeRTOS/timers.o
 *(.rodata*)
 *fill*         0x0000000008007235        0x3 
 .rodata.AHBPrescTable
                0x0000000008007238       0x10 ./Core/Src/system_stm32f4xx.o
                0x0000000008007238                AHBPrescTable
 .rodata.APBPrescTable
                0x0000000008007248        0x8 ./Core/Src/system_stm32f4xx.o
                0x0000000008007248                APBPrescTable
 .rodata._svfprintf_r.str1.1
                0x0000000008007250       0x11 C:/ST/STM32CubeIDE_1.14.1/STM32CubeIDE/plugins/com.st.stm32cube.ide.mcu.externaltools.gnu-tools-for-stm32.11.3.rel1.win32_1.1.100.202309141235/tools/bin/../lib/gcc/arm-none-eabi/11.3.1/../../../../arm-none-eabi/lib/thumb/v7e-m+fp/hard\libc_nano.a(libc_a-nano-svfprintf.o)
 .rodata._printf_i.str1.1
                0x0000000008007261       0x22 C:/ST/STM32CubeIDE_1.14.1/STM32CubeIDE/plugins/com.st.stm32cube.ide.mcu.externaltools.gnu-tools-for-stm32.11.3.rel1.win32_1.1.100.202309141235/tools/bin/../lib/gcc/arm-none-eabi/11.3.1/../../../../arm-none-eabi/lib/thumb/v7e-m+fp/hard\libc_nano.a(libc_a-nano-vfprintf_i.o)
                0x0000000008007284                . = ALIGN (0x4)
 *fill*         0x0000000008007283        0x1 

.ARM.extab      0x0000000008007284        0x0
                0x0000000008007284                . = ALIGN (0x4)
 *(.ARM.extab* .gnu.linkonce.armextab.*)
                0x0000000008007284                . = ALIGN (0x4)

.ARM            0x0000000008007284        0x8
                0x0000000008007284                . = ALIGN (0x4)
                0x0000000008007284                __exidx_start = .
 *(.ARM.exidx*)
 .ARM.exidx     0x0000000008007284        0x8 C:/ST/STM32CubeIDE_1.14.1/STM32CubeIDE/plugins/com.st.stm32cube.ide.mcu.externaltools.gnu-tools-for-stm32.11.3.rel1.win32_1.1.100.202309141235/tools/bin/../lib/gcc/arm-none-eabi/11.3.1/thumb/v7e-m+fp/hard\libgcc.a(_udivmoddi4.o)
                0x000000000800728c                __exidx_end = .
                0x000000000800728c                . = ALIGN (0x4)

.rel.dyn        0x000000000800728c        0x0
 .rel.iplt      0x000000000800728c        0x0 C:/ST/STM32CubeIDE_1.14.1/STM32CubeIDE/plugins/com.st.stm32cube.ide.mcu.externaltools.gnu-tools-for-stm32.11.3.rel1.win32_1.1.100.202309141235/tools/bin/../lib/gcc/arm-none-eabi/11.3.1/thumb/v7e-m+fp/hard/crtbegin.o

.preinit_array  0x000000000800728c        0x0
                0x000000000800728c                . = ALIGN (0x4)
                0x000000000800728c                PROVIDE (__preinit_array_start = .)
 *(.preinit_array*)
                0x000000000800728c                PROVIDE (__preinit_array_end = .)
                0x000000000800728c                . = ALIGN (0x4)

.init_array     0x000000000800728c        0x4
                0x000000000800728c                . = ALIGN (0x4)
                0x000000000800728c                PROVIDE (__init_array_start = .)
 *(SORT_BY_NAME(.init_array.*))
 *(.init_array*)
 .init_array    0x000000000800728c        0x4 C:/ST/STM32CubeIDE_1.14.1/STM32CubeIDE/plugins/com.st.stm32cube.ide.mcu.externaltools.gnu-tools-for-stm32.11.3.rel1.win32_1.1.100.202309141235/tools/bin/../lib/gcc/arm-none-eabi/11.3.1/thumb/v7e-m+fp/hard/crtbegin.o
                0x0000000008007290                PROVIDE (__init_array_end = .)
                0x0000000008007290                . = ALIGN (0x4)

.fini_array     0x0000000008007290        0x4
                0x0000000008007290                . = ALIGN (0x4)
                [!provide]                        PROVIDE (__fini_array_start = .)
 *(SORT_BY_NAME(.fini_array.*))
 *(.fini_array*)
 .fini_array    0x0000000008007290        0x4 C:/ST/STM32CubeIDE_1.14.1/STM32CubeIDE/plugins/com.st.stm32cube.ide.mcu.externaltools.gnu-tools-for-stm32.11.3.rel1.win32_1.1.100.202309141235/tools/bin/../lib/gcc/arm-none-eabi/11.3.1/thumb/v7e-m+fp/hard/crtbegin.o
                [!provide]                        PROVIDE (__fini_array_end = .)
                0x0000000008007294                . = ALIGN (0x4)
                0x0000000008007294                _sidata = LOADADDR (.data)

.data           0x0000000020000000       0x64 load address 0x0000000008007294
                0x0000000020000000                . = ALIGN (0x4)
                0x0000000020000000                _sdata = .
 *(.data)
 *(.data*)
 .data.SystemCoreClock
                0x0000000020000000        0x4 ./Core/Src/system_stm32f4xx.o
                0x0000000020000000                SystemCoreClock
 .data.uwTickPrio
                0x0000000020000004        0x4 ./Drivers/STM32F4xx_HAL_Driver/Src/stm32f4xx_hal.o
                0x0000000020000004                uwTickPrio
 .data.uwTickFreq
                0x0000000020000008        0x1 ./Drivers/STM32F4xx_HAL_Driver/Src/stm32f4xx_hal.o
                0x0000000020000008                uwTickFreq
 *fill*         0x0000000020000009        0x3 
 .data.uxTopUsedPriority
                0x000000002000000c        0x4 ./common/ThirdParty/FreeRTOS/tasks.o
                0x000000002000000c                uxTopUsedPriority
 .data.uxCriticalNesting
                0x0000000020000010        0x4 ./common/ThirdParty/FreeRTOS/portable/GCC/ARM_CM4F/port.o
 .data._impure_data
                0x0000000020000014       0x4c C:/ST/STM32CubeIDE_1.14.1/STM32CubeIDE/plugins/com.st.stm32cube.ide.mcu.externaltools.gnu-tools-for-stm32.11.3.rel1.win32_1.1.100.202309141235/tools/bin/../lib/gcc/arm-none-eabi/11.3.1/../../../../arm-none-eabi/lib/thumb/v7e-m+fp/hard\libc_nano.a(libc_a-impure.o)
                0x0000000020000014                _impure_data
 .data._impure_ptr
                0x0000000020000060        0x4 C:/ST/STM32CubeIDE_1.14.1/STM32CubeIDE/plugins/com.st.stm32cube.ide.mcu.externaltools.gnu-tools-for-stm32.11.3.rel1.win32_1.1.100.202309141235/tools/bin/../lib/gcc/arm-none-eabi/11.3.1/../../../../arm-none-eabi/lib/thumb/v7e-m+fp/hard\libc_nano.a(libc_a-impure.o)
                0x0000000020000060                _impure_ptr
 *(.RamFunc)
 *(.RamFunc*)
                0x0000000020000064                . = ALIGN (0x4)
                0x0000000020000064                _edata = .
                0x00000000080072f8                _siccmram = LOADADDR (.ccmram)

.igot.plt       0x0000000020000064        0x0 load address 0x00000000080072f8
 .igot.plt      0x0000000020000064        0x0 C:/ST/STM32CubeIDE_1.14.1/STM32CubeIDE/plugins/com.st.stm32cube.ide.mcu.externaltools.gnu-tools-for-stm32.11.3.rel1.win32_1.1.100.202309141235/tools/bin/../lib/gcc/arm-none-eabi/11.3.1/thumb/v7e-m+fp/hard/crtbegin.o

.ccmram         0x0000000010000000        0x0 load address 0x00000000080072f8
                0x0000000010000000                . = ALIGN (0x4)
                0x0000000010000000                _sccmram = .
 *(.ccmram)
 *(.ccmram*)
                0x0000000010000000                . = ALIGN (0x4)
                0x0000000010000000                _eccmram = .
                0x0000000010000000                . = ALIGN (0x4)

.bss            0x0000000020000064    0x194c4
                0x0000000020000064                _sbss = .
                0x0000000020000064                __bss_start__ = _sbss
 *(.bss)
 .bss           0x0000000020000064       0x1c C:/ST/STM32CubeIDE_1.14.1/STM32CubeIDE/plugins/com.st.stm32cube.ide.mcu.externaltools.gnu-tools-for-stm32.11.3.rel1.win32_1.1.100.202309141235/tools/bin/../lib/gcc/arm-none-eabi/11.3.1/thumb/v7e-m+fp/hard/crtbegin.o
 *(.bss*)
 .bss.huart2    0x0000000020000080       0x48 ./Core/Src/main.o
                0x0000000020000080                huart2
 .bss.hrtc      0x00000000200000c8       0x20 ./Core/Src/main.o
                0x00000000200000c8                hrtc
 .bss.usr_msg   0x00000000200000e8       0xfa ./Core/Src/main.o
                0x00000000200000e8                usr_msg
 *fill*         0x00000000200001e2        0x2 
 .bss.xCountingSemaphore
                0x00000000200001e4        0x4 ./Core/Src/main.o
                0x00000000200001e4                xCountingSemaphore
 .bss.htim6     0x00000000200001e8       0x48 ./Core/Src/stm32f4xx_hal_timebase_tim.o
                0x00000000200001e8                htim6
 .bss.__sbrk_heap_end
                0x0000000020000230        0x4 ./Core/Src/sysmem.o
 .bss.uwTick    0x0000000020000234        0x4 ./Drivers/STM32F4xx_HAL_Driver/Src/stm32f4xx_hal.o
                0x0000000020000234                uwTick
 .bss.xQueueRegistry
                0x0000000020000238       0x40 ./common/ThirdParty/FreeRTOS/queue.o
                0x0000000020000238                xQueueRegistry
 .bss.pxCurrentTCB
                0x0000000020000278        0x4 ./common/ThirdParty/FreeRTOS/tasks.o
                0x0000000020000278                pxCurrentTCB
 .bss.pxReadyTasksLists
                0x000000002000027c       0x64 ./common/ThirdParty/FreeRTOS/tasks.o
 .bss.xDelayedTaskList1
                0x00000000200002e0       0x14 ./common/ThirdParty/FreeRTOS/tasks.o
 .bss.xDelayedTaskList2
                0x00000000200002f4       0x14 ./common/ThirdParty/FreeRTOS/tasks.o
 .bss.pxDelayedTaskList
                0x0000000020000308        0x4 ./common/ThirdParty/FreeRTOS/tasks.o
 .bss.pxOverflowDelayedTaskList
                0x000000002000030c        0x4 ./common/ThirdParty/FreeRTOS/tasks.o
 .bss.xPendingReadyList
                0x0000000020000310       0x14 ./common/ThirdParty/FreeRTOS/tasks.o
 .bss.xTasksWaitingTermination
                0x0000000020000324       0x14 ./common/ThirdParty/FreeRTOS/tasks.o
 .bss.uxDeletedTasksWaitingCleanUp
                0x0000000020000338        0x4 ./common/ThirdParty/FreeRTOS/tasks.o
 .bss.xSuspendedTaskList
                0x000000002000033c       0x14 ./common/ThirdParty/FreeRTOS/tasks.o
 .bss.uxCurrentNumberOfTasks
                0x0000000020000350        0x4 ./common/ThirdParty/FreeRTOS/tasks.o
 .bss.xTickCount
                0x0000000020000354        0x4 ./common/ThirdParty/FreeRTOS/tasks.o
 .bss.uxTopReadyPriority
                0x0000000020000358        0x4 ./common/ThirdParty/FreeRTOS/tasks.o
 .bss.xSchedulerRunning
                0x000000002000035c        0x4 ./common/ThirdParty/FreeRTOS/tasks.o
 .bss.xPendedTicks
                0x0000000020000360        0x4 ./common/ThirdParty/FreeRTOS/tasks.o
 .bss.xYieldPending
                0x0000000020000364        0x4 ./common/ThirdParty/FreeRTOS/tasks.o
 .bss.xNumOfOverflows
                0x0000000020000368        0x4 ./common/ThirdParty/FreeRTOS/tasks.o
 .bss.uxTaskNumber
                0x000000002000036c        0x4 ./common/ThirdParty/FreeRTOS/tasks.o
 .bss.xNextTaskUnblockTime
                0x0000000020000370        0x4 ./common/ThirdParty/FreeRTOS/tasks.o
 .bss.xIdleTaskHandle
                0x0000000020000374        0x4 ./common/ThirdParty/FreeRTOS/tasks.o
 .bss.uxSchedulerSuspended
                0x0000000020000378        0x4 ./common/ThirdParty/FreeRTOS/tasks.o
 .bss.xActiveTimerList1
                0x000000002000037c       0x14 ./common/ThirdParty/FreeRTOS/timers.o
 .bss.xActiveTimerList2
                0x0000000020000390       0x14 ./common/ThirdParty/FreeRTOS/timers.o
 .bss.pxCurrentTimerList
                0x00000000200003a4        0x4 ./common/ThirdParty/FreeRTOS/timers.o
 .bss.pxOverflowTimerList
                0x00000000200003a8        0x4 ./common/ThirdParty/FreeRTOS/timers.o
 .bss.xTimerQueue
                0x00000000200003ac        0x4 ./common/ThirdParty/FreeRTOS/timers.o
 .bss.xTimerTaskHandle
                0x00000000200003b0        0x4 ./common/ThirdParty/FreeRTOS/timers.o
 .bss.xLastTime.0
                0x00000000200003b4        0x4 ./common/ThirdParty/FreeRTOS/timers.o
 .bss.ucMaxSysCallPriority
                0x00000000200003b8        0x1 ./common/ThirdParty/FreeRTOS/portable/GCC/ARM_CM4F/port.o
 *fill*         0x00000000200003b9        0x3 
 .bss.ulMaxPRIGROUPValue
                0x00000000200003bc        0x4 ./common/ThirdParty/FreeRTOS/portable/GCC/ARM_CM4F/port.o
 .bss.ucHeap    0x00000000200003c0    0x19000 ./common/ThirdParty/FreeRTOS/portable/MemMang/heap_4.o
 .bss.xStart    0x00000000200193c0        0x8 ./common/ThirdParty/FreeRTOS/portable/MemMang/heap_4.o
 .bss.pxEnd     0x00000000200193c8        0x4 ./common/ThirdParty/FreeRTOS/portable/MemMang/heap_4.o
 .bss.xFreeBytesRemaining
                0x00000000200193cc        0x4 ./common/ThirdParty/FreeRTOS/portable/MemMang/heap_4.o
 .bss.xMinimumEverFreeBytesRemaining
                0x00000000200193d0        0x4 ./common/ThirdParty/FreeRTOS/portable/MemMang/heap_4.o
 .bss.xNumberOfSuccessfulAllocations
                0x00000000200193d4        0x4 ./common/ThirdParty/FreeRTOS/portable/MemMang/heap_4.o
 .bss.xNumberOfSuccessfulFrees
                0x00000000200193d8        0x4 ./common/ThirdParty/FreeRTOS/portable/MemMang/heap_4.o
 .bss.xBlockAllocatedBit
                0x00000000200193dc        0x4 ./common/ThirdParty/FreeRTOS/portable/MemMang/heap_4.o
 .bss.__sf      0x00000000200193e0      0x138 C:/ST/STM32CubeIDE_1.14.1/STM32CubeIDE/plugins/com.st.stm32cube.ide.mcu.externaltools.gnu-tools-for-stm32.11.3.rel1.win32_1.1.100.202309141235/tools/bin/../lib/gcc/arm-none-eabi/11.3.1/../../../../arm-none-eabi/lib/thumb/v7e-m+fp/hard\libc_nano.a(libc_a-findfp.o)
                0x00000000200193e0                __sf
 .bss.errno     0x0000000020019518        0x4 C:/ST/STM32CubeIDE_1.14.1/STM32CubeIDE/plugins/com.st.stm32cube.ide.mcu.externaltools.gnu-tools-for-stm32.11.3.rel1.win32_1.1.100.202309141235/tools/bin/../lib/gcc/arm-none-eabi/11.3.1/../../../../arm-none-eabi/lib/thumb/v7e-m+fp/hard\libc_nano.a(libc_a-reent.o)
                0x0000000020019518                errno
 .bss.__lock___malloc_recursive_mutex
                0x000000002001951c        0x1 C:/ST/STM32CubeIDE_1.14.1/STM32CubeIDE/plugins/com.st.stm32cube.ide.mcu.externaltools.gnu-tools-for-stm32.11.3.rel1.win32_1.1.100.202309141235/tools/bin/../lib/gcc/arm-none-eabi/11.3.1/../../../../arm-none-eabi/lib/thumb/v7e-m+fp/hard\libc_nano.a(libc_a-lock.o)
                0x000000002001951c                __lock___malloc_recursive_mutex
 *fill*         0x000000002001951d        0x3 
 .bss.__malloc_free_list
                0x0000000020019520        0x4 C:/ST/STM32CubeIDE_1.14.1/STM32CubeIDE/plugins/com.st.stm32cube.ide.mcu.externaltools.gnu-tools-for-stm32.11.3.rel1.win32_1.1.100.202309141235/tools/bin/../lib/gcc/arm-none-eabi/11.3.1/../../../../arm-none-eabi/lib/thumb/v7e-m+fp/hard\libc_nano.a(libc_a-mallocr.o)
                0x0000000020019520                __malloc_free_list
 .bss.__malloc_sbrk_start
                0x0000000020019524        0x4 C:/ST/STM32CubeIDE_1.14.1/STM32CubeIDE/plugins/com.st.stm32cube.ide.mcu.externaltools.gnu-tools-for-stm32.11.3.rel1.win32_1.1.100.202309141235/tools/bin/../lib/gcc/arm-none-eabi/11.3.1/../../../../arm-none-eabi/lib/thumb/v7e-m+fp/hard\libc_nano.a(libc_a-mallocr.o)
                0x0000000020019524                __malloc_sbrk_start
 *(COMMON)
                0x0000000020019528                . = ALIGN (0x4)
                0x0000000020019528                _ebss = .
                0x0000000020019528                __bss_end__ = _ebss

._user_heap_stack
                0x0000000020019528      0x600
                0x0000000020019528                . = ALIGN (0x8)
                [!provide]                        PROVIDE (end = .)
                0x0000000020019528                PROVIDE (_end = .)
                0x0000000020019728                . = (. + _Min_Heap_Size)
 *fill*         0x0000000020019528      0x200 
                0x0000000020019b28                . = (. + _Min_Stack_Size)
 *fill*         0x0000000020019728      0x400 
                0x0000000020019b28                . = ALIGN (0x8)

/DISCARD/
 libc.a(*)
 libm.a(*)
 libgcc.a(*)

.ARM.attributes
                0x0000000000000000       0x30
 *(.ARM.attributes)
 .ARM.attributes
                0x0000000000000000       0x1e C:/ST/STM32CubeIDE_1.14.1/STM32CubeIDE/plugins/com.st.stm32cube.ide.mcu.externaltools.gnu-tools-for-stm32.11.3.rel1.win32_1.1.100.202309141235/tools/bin/../lib/gcc/arm-none-eabi/11.3.1/thumb/v7e-m+fp/hard/crti.o
 .ARM.attributes
                0x000000000000001e       0x34 C:/ST/STM32CubeIDE_1.14.1/STM32CubeIDE/plugins/com.st.stm32cube.ide.mcu.externaltools.gnu-tools-for-stm32.11.3.rel1.win32_1.1.100.202309141235/tools/bin/../lib/gcc/arm-none-eabi/11.3.1/thumb/v7e-m+fp/hard/crtbegin.o
 .ARM.attributes
                0x0000000000000052       0x34 ./Core/Src/main.o
 .ARM.attributes
                0x0000000000000086       0x34 ./Core/Src/stm32f4xx_hal_msp.o
 .ARM.attributes
                0x00000000000000ba       0x34 ./Core/Src/stm32f4xx_hal_timebase_tim.o
 .ARM.attributes
                0x00000000000000ee       0x34 ./Core/Src/stm32f4xx_it.o
 .ARM.attributes
                0x0000000000000122       0x34 ./Core/Src/sysmem.o
 .ARM.attributes
                0x0000000000000156       0x34 ./Core/Src/system_stm32f4xx.o
 .ARM.attributes
                0x000000000000018a       0x21 ./Core/Startup/startup_stm32f407vgtx.o
 .ARM.attributes
                0x00000000000001ab       0x34 ./Drivers/STM32F4xx_HAL_Driver/Src/stm32f4xx_hal.o
 .ARM.attributes
                0x00000000000001df       0x34 ./Drivers/STM32F4xx_HAL_Driver/Src/stm32f4xx_hal_cortex.o
 .ARM.attributes
                0x0000000000000213       0x34 ./Drivers/STM32F4xx_HAL_Driver/Src/stm32f4xx_hal_dma.o
 .ARM.attributes
                0x0000000000000247       0x34 ./Drivers/STM32F4xx_HAL_Driver/Src/stm32f4xx_hal_gpio.o
 .ARM.attributes
                0x000000000000027b       0x34 ./Drivers/STM32F4xx_HAL_Driver/Src/stm32f4xx_hal_rcc.o
 .ARM.attributes
                0x00000000000002af       0x34 ./Drivers/STM32F4xx_HAL_Driver/Src/stm32f4xx_hal_rcc_ex.o
 .ARM.attributes
                0x00000000000002e3       0x34 ./Drivers/STM32F4xx_HAL_Driver/Src/stm32f4xx_hal_rtc.o
 .ARM.attributes
                0x0000000000000317       0x34 ./Drivers/STM32F4xx_HAL_Driver/Src/stm32f4xx_hal_tim.o
 .ARM.attributes
                0x000000000000034b       0x34 ./Drivers/STM32F4xx_HAL_Driver/Src/stm32f4xx_hal_tim_ex.o
 .ARM.attributes
                0x000000000000037f       0x34 ./Drivers/STM32F4xx_HAL_Driver/Src/stm32f4xx_hal_uart.o
 .ARM.attributes
                0x00000000000003b3       0x34 ./common/ThirdParty/FreeRTOS/list.o
 .ARM.attributes
                0x00000000000003e7       0x34 ./common/ThirdParty/FreeRTOS/queue.o
 .ARM.attributes
                0x000000000000041b       0x34 ./common/ThirdParty/FreeRTOS/tasks.o
 .ARM.attributes
                0x000000000000044f       0x34 ./common/ThirdParty/FreeRTOS/timers.o
 .ARM.attributes
                0x0000000000000483       0x34 ./common/ThirdParty/FreeRTOS/portable/GCC/ARM_CM4F/port.o
 .ARM.attributes
                0x00000000000004b7       0x34 ./common/ThirdParty/FreeRTOS/portable/MemMang/heap_4.o
 .ARM.attributes
                0x00000000000004eb       0x34 C:/ST/STM32CubeIDE_1.14.1/STM32CubeIDE/plugins/com.st.stm32cube.ide.mcu.externaltools.gnu-tools-for-stm32.11.3.rel1.win32_1.1.100.202309141235/tools/bin/../lib/gcc/arm-none-eabi/11.3.1/../../../../arm-none-eabi/lib/thumb/v7e-m+fp/hard\libc_nano.a(libc_a-findfp.o)
 .ARM.attributes
                0x000000000000051f       0x34 C:/ST/STM32CubeIDE_1.14.1/STM32CubeIDE/plugins/com.st.stm32cube.ide.mcu.externaltools.gnu-tools-for-stm32.11.3.rel1.win32_1.1.100.202309141235/tools/bin/../lib/gcc/arm-none-eabi/11.3.1/../../../../arm-none-eabi/lib/thumb/v7e-m+fp/hard\libc_nano.a(libc_a-sprintf.o)
 .ARM.attributes
                0x0000000000000553       0x34 C:/ST/STM32CubeIDE_1.14.1/STM32CubeIDE/plugins/com.st.stm32cube.ide.mcu.externaltools.gnu-tools-for-stm32.11.3.rel1.win32_1.1.100.202309141235/tools/bin/../lib/gcc/arm-none-eabi/11.3.1/../../../../arm-none-eabi/lib/thumb/v7e-m+fp/hard\libc_nano.a(libc_a-memset.o)
 .ARM.attributes
                0x0000000000000587       0x34 C:/ST/STM32CubeIDE_1.14.1/STM32CubeIDE/plugins/com.st.stm32cube.ide.mcu.externaltools.gnu-tools-for-stm32.11.3.rel1.win32_1.1.100.202309141235/tools/bin/../lib/gcc/arm-none-eabi/11.3.1/../../../../arm-none-eabi/lib/thumb/v7e-m+fp/hard\libc_nano.a(libc_a-reent.o)
 .ARM.attributes
                0x00000000000005bb       0x34 C:/ST/STM32CubeIDE_1.14.1/STM32CubeIDE/plugins/com.st.stm32cube.ide.mcu.externaltools.gnu-tools-for-stm32.11.3.rel1.win32_1.1.100.202309141235/tools/bin/../lib/gcc/arm-none-eabi/11.3.1/../../../../arm-none-eabi/lib/thumb/v7e-m+fp/hard\libc_nano.a(libc_a-impure.o)
 .ARM.attributes
                0x00000000000005ef       0x34 C:/ST/STM32CubeIDE_1.14.1/STM32CubeIDE/plugins/com.st.stm32cube.ide.mcu.externaltools.gnu-tools-for-stm32.11.3.rel1.win32_1.1.100.202309141235/tools/bin/../lib/gcc/arm-none-eabi/11.3.1/../../../../arm-none-eabi/lib/thumb/v7e-m+fp/hard\libc_nano.a(libc_a-errno.o)
 .ARM.attributes
                0x0000000000000623       0x34 C:/ST/STM32CubeIDE_1.14.1/STM32CubeIDE/plugins/com.st.stm32cube.ide.mcu.externaltools.gnu-tools-for-stm32.11.3.rel1.win32_1.1.100.202309141235/tools/bin/../lib/gcc/arm-none-eabi/11.3.1/../../../../arm-none-eabi/lib/thumb/v7e-m+fp/hard\libc_nano.a(libc_a-init.o)
 .ARM.attributes
                0x0000000000000657       0x34 C:/ST/STM32CubeIDE_1.14.1/STM32CubeIDE/plugins/com.st.stm32cube.ide.mcu.externaltools.gnu-tools-for-stm32.11.3.rel1.win32_1.1.100.202309141235/tools/bin/../lib/gcc/arm-none-eabi/11.3.1/../../../../arm-none-eabi/lib/thumb/v7e-m+fp/hard\libc_nano.a(libc_a-lock.o)
 .ARM.attributes
                0x000000000000068b       0x34 C:/ST/STM32CubeIDE_1.14.1/STM32CubeIDE/plugins/com.st.stm32cube.ide.mcu.externaltools.gnu-tools-for-stm32.11.3.rel1.win32_1.1.100.202309141235/tools/bin/../lib/gcc/arm-none-eabi/11.3.1/../../../../arm-none-eabi/lib/thumb/v7e-m+fp/hard\libc_nano.a(libc_a-memcpy-stub.o)
 .ARM.attributes
                0x00000000000006bf       0x17 C:/ST/STM32CubeIDE_1.14.1/STM32CubeIDE/plugins/com.st.stm32cube.ide.mcu.externaltools.gnu-tools-for-stm32.11.3.rel1.win32_1.1.100.202309141235/tools/bin/../lib/gcc/arm-none-eabi/11.3.1/../../../../arm-none-eabi/lib/thumb/v7e-m+fp/hard\libc_nano.a(libc_a-strlen.o)
 .ARM.attributes
                0x00000000000006d6       0x34 C:/ST/STM32CubeIDE_1.14.1/STM32CubeIDE/plugins/com.st.stm32cube.ide.mcu.externaltools.gnu-tools-for-stm32.11.3.rel1.win32_1.1.100.202309141235/tools/bin/../lib/gcc/arm-none-eabi/11.3.1/../../../../arm-none-eabi/lib/thumb/v7e-m+fp/hard\libc_nano.a(libc_a-freer.o)
 .ARM.attributes
                0x000000000000070a       0x34 C:/ST/STM32CubeIDE_1.14.1/STM32CubeIDE/plugins/com.st.stm32cube.ide.mcu.externaltools.gnu-tools-for-stm32.11.3.rel1.win32_1.1.100.202309141235/tools/bin/../lib/gcc/arm-none-eabi/11.3.1/../../../../arm-none-eabi/lib/thumb/v7e-m+fp/hard\libc_nano.a(libc_a-mallocr.o)
 .ARM.attributes
                0x000000000000073e       0x34 C:/ST/STM32CubeIDE_1.14.1/STM32CubeIDE/plugins/com.st.stm32cube.ide.mcu.externaltools.gnu-tools-for-stm32.11.3.rel1.win32_1.1.100.202309141235/tools/bin/../lib/gcc/arm-none-eabi/11.3.1/../../../../arm-none-eabi/lib/thumb/v7e-m+fp/hard\libc_nano.a(libc_a-mlock.o)
 .ARM.attributes
                0x0000000000000772       0x34 C:/ST/STM32CubeIDE_1.14.1/STM32CubeIDE/plugins/com.st.stm32cube.ide.mcu.externaltools.gnu-tools-for-stm32.11.3.rel1.win32_1.1.100.202309141235/tools/bin/../lib/gcc/arm-none-eabi/11.3.1/../../../../arm-none-eabi/lib/thumb/v7e-m+fp/hard\libc_nano.a(libc_a-nano-svfprintf.o)
 .ARM.attributes
                0x00000000000007a6       0x34 C:/ST/STM32CubeIDE_1.14.1/STM32CubeIDE/plugins/com.st.stm32cube.ide.mcu.externaltools.gnu-tools-for-stm32.11.3.rel1.win32_1.1.100.202309141235/tools/bin/../lib/gcc/arm-none-eabi/11.3.1/../../../../arm-none-eabi/lib/thumb/v7e-m+fp/hard\libc_nano.a(libc_a-nano-vfprintf_i.o)
 .ARM.attributes
                0x00000000000007da       0x34 C:/ST/STM32CubeIDE_1.14.1/STM32CubeIDE/plugins/com.st.stm32cube.ide.mcu.externaltools.gnu-tools-for-stm32.11.3.rel1.win32_1.1.100.202309141235/tools/bin/../lib/gcc/arm-none-eabi/11.3.1/../../../../arm-none-eabi/lib/thumb/v7e-m+fp/hard\libc_nano.a(libc_a-memmove.o)
 .ARM.attributes
                0x000000000000080e       0x34 C:/ST/STM32CubeIDE_1.14.1/STM32CubeIDE/plugins/com.st.stm32cube.ide.mcu.externaltools.gnu-tools-for-stm32.11.3.rel1.win32_1.1.100.202309141235/tools/bin/../lib/gcc/arm-none-eabi/11.3.1/../../../../arm-none-eabi/lib/thumb/v7e-m+fp/hard\libc_nano.a(libc_a-sbrkr.o)
 .ARM.attributes
                0x0000000000000842       0x1c C:/ST/STM32CubeIDE_1.14.1/STM32CubeIDE/plugins/com.st.stm32cube.ide.mcu.externaltools.gnu-tools-for-stm32.11.3.rel1.win32_1.1.100.202309141235/tools/bin/../lib/gcc/arm-none-eabi/11.3.1/../../../../arm-none-eabi/lib/thumb/v7e-m+fp/hard\libc_nano.a(libc_a-memchr.o)
 .ARM.attributes
                0x000000000000085e       0x34 C:/ST/STM32CubeIDE_1.14.1/STM32CubeIDE/plugins/com.st.stm32cube.ide.mcu.externaltools.gnu-tools-for-stm32.11.3.rel1.win32_1.1.100.202309141235/tools/bin/../lib/gcc/arm-none-eabi/11.3.1/../../../../arm-none-eabi/lib/thumb/v7e-m+fp/hard\libc_nano.a(libc_a-reallocr.o)
 .ARM.attributes
                0x0000000000000892       0x34 C:/ST/STM32CubeIDE_1.14.1/STM32CubeIDE/plugins/com.st.stm32cube.ide.mcu.externaltools.gnu-tools-for-stm32.11.3.rel1.win32_1.1.100.202309141235/tools/bin/../lib/gcc/arm-none-eabi/11.3.1/../../../../arm-none-eabi/lib/thumb/v7e-m+fp/hard\libc_nano.a(libc_a-msizer.o)
 .ARM.attributes
                0x00000000000008c6       0x1e C:/ST/STM32CubeIDE_1.14.1/STM32CubeIDE/plugins/com.st.stm32cube.ide.mcu.externaltools.gnu-tools-for-stm32.11.3.rel1.win32_1.1.100.202309141235/tools/bin/../lib/gcc/arm-none-eabi/11.3.1/thumb/v7e-m+fp/hard\libgcc.a(_aeabi_uldivmod.o)
 .ARM.attributes
                0x00000000000008e4       0x34 C:/ST/STM32CubeIDE_1.14.1/STM32CubeIDE/plugins/com.st.stm32cube.ide.mcu.externaltools.gnu-tools-for-stm32.11.3.rel1.win32_1.1.100.202309141235/tools/bin/../lib/gcc/arm-none-eabi/11.3.1/thumb/v7e-m+fp/hard\libgcc.a(_udivmoddi4.o)
 .ARM.attributes
                0x0000000000000918       0x1e C:/ST/STM32CubeIDE_1.14.1/STM32CubeIDE/plugins/com.st.stm32cube.ide.mcu.externaltools.gnu-tools-for-stm32.11.3.rel1.win32_1.1.100.202309141235/tools/bin/../lib/gcc/arm-none-eabi/11.3.1/thumb/v7e-m+fp/hard\libgcc.a(_dvmd_tls.o)
 .ARM.attributes
                0x0000000000000936       0x1e C:/ST/STM32CubeIDE_1.14.1/STM32CubeIDE/plugins/com.st.stm32cube.ide.mcu.externaltools.gnu-tools-for-stm32.11.3.rel1.win32_1.1.100.202309141235/tools/bin/../lib/gcc/arm-none-eabi/11.3.1/thumb/v7e-m+fp/hard/crtn.o
OUTPUT(002Tasks_LED2.elf elf32-littlearm)
LOAD linker stubs
LOAD C:/ST/STM32CubeIDE_1.14.1/STM32CubeIDE/plugins/com.st.stm32cube.ide.mcu.externaltools.gnu-tools-for-stm32.11.3.rel1.win32_1.1.100.202309141235/tools/bin/../lib/gcc/arm-none-eabi/11.3.1/../../../../arm-none-eabi/lib/thumb/v7e-m+fp/hard\libc.a
LOAD C:/ST/STM32CubeIDE_1.14.1/STM32CubeIDE/plugins/com.st.stm32cube.ide.mcu.externaltools.gnu-tools-for-stm32.11.3.rel1.win32_1.1.100.202309141235/tools/bin/../lib/gcc/arm-none-eabi/11.3.1/../../../../arm-none-eabi/lib/thumb/v7e-m+fp/hard\libm.a
LOAD C:/ST/STM32CubeIDE_1.14.1/STM32CubeIDE/plugins/com.st.stm32cube.ide.mcu.externaltools.gnu-tools-for-stm32.11.3.rel1.win32_1.1.100.202309141235/tools/bin/../lib/gcc/arm-none-eabi/11.3.1/thumb/v7e-m+fp/hard\libgcc.a

.comment        0x0000000000000000       0x43
 .comment       0x0000000000000000       0x43 C:/ST/STM32CubeIDE_1.14.1/STM32CubeIDE/plugins/com.st.stm32cube.ide.mcu.externaltools.gnu-tools-for-stm32.11.3.rel1.win32_1.1.100.202309141235/tools/bin/../lib/gcc/arm-none-eabi/11.3.1/thumb/v7e-m+fp/hard/crtbegin.o
                                         0x44 (size before relaxing)
 .comment       0x0000000000000043       0x44 ./Core/Src/main.o
 .comment       0x0000000000000043       0x44 ./Core/Src/stm32f4xx_hal_msp.o
 .comment       0x0000000000000043       0x44 ./Core/Src/stm32f4xx_hal_timebase_tim.o
 .comment       0x0000000000000043       0x44 ./Core/Src/stm32f4xx_it.o
 .comment       0x0000000000000043       0x44 ./Core/Src/sysmem.o
 .comment       0x0000000000000043       0x44 ./Core/Src/system_stm32f4xx.o
 .comment       0x0000000000000043       0x44 ./Drivers/STM32F4xx_HAL_Driver/Src/stm32f4xx_hal.o
 .comment       0x0000000000000043       0x44 ./Drivers/STM32F4xx_HAL_Driver/Src/stm32f4xx_hal_cortex.o
 .comment       0x0000000000000043       0x44 ./Drivers/STM32F4xx_HAL_Driver/Src/stm32f4xx_hal_dma.o
 .comment       0x0000000000000043       0x44 ./Drivers/STM32F4xx_HAL_Driver/Src/stm32f4xx_hal_gpio.o
 .comment       0x0000000000000043       0x44 ./Drivers/STM32F4xx_HAL_Driver/Src/stm32f4xx_hal_rcc.o
 .comment       0x0000000000000043       0x44 ./Drivers/STM32F4xx_HAL_Driver/Src/stm32f4xx_hal_rcc_ex.o
 .comment       0x0000000000000043       0x44 ./Drivers/STM32F4xx_HAL_Driver/Src/stm32f4xx_hal_rtc.o
 .comment       0x0000000000000043       0x44 ./Drivers/STM32F4xx_HAL_Driver/Src/stm32f4xx_hal_tim.o
 .comment       0x0000000000000043       0x44 ./Drivers/STM32F4xx_HAL_Driver/Src/stm32f4xx_hal_tim_ex.o
 .comment       0x0000000000000043       0x44 ./Drivers/STM32F4xx_HAL_Driver/Src/stm32f4xx_hal_uart.o
 .comment       0x0000000000000043       0x44 ./common/ThirdParty/FreeRTOS/list.o
 .comment       0x0000000000000043       0x44 ./common/ThirdParty/FreeRTOS/queue.o
 .comment       0x0000000000000043       0x44 ./common/ThirdParty/FreeRTOS/tasks.o
 .comment       0x0000000000000043       0x44 ./common/ThirdParty/FreeRTOS/timers.o
 .comment       0x0000000000000043       0x44 ./common/ThirdParty/FreeRTOS/portable/GCC/ARM_CM4F/port.o
 .comment       0x0000000000000043       0x44 ./common/ThirdParty/FreeRTOS/portable/MemMang/heap_4.o

.debug_info     0x0000000000000000    0x14b07
 .debug_info    0x0000000000000000     0x1b72 ./Core/Src/main.o
 .debug_info    0x0000000000001b72     0x1016 ./Core/Src/stm32f4xx_hal_msp.o
 .debug_info    0x0000000000002b88      0xbee ./Core/Src/stm32f4xx_hal_timebase_tim.o
 .debug_info    0x0000000000003776      0x95a ./Core/Src/stm32f4xx_it.o
 .debug_info    0x00000000000040d0      0x168 ./Core/Src/sysmem.o
 .debug_info    0x0000000000004238      0x512 ./Core/Src/system_stm32f4xx.o
 .debug_info    0x000000000000474a       0x23 ./Core/Startup/startup_stm32f407vgtx.o
 .debug_info    0x000000000000476d      0x944 ./Drivers/STM32F4xx_HAL_Driver/Src/stm32f4xx_hal.o
 .debug_info    0x00000000000050b1      0xd8c ./Drivers/STM32F4xx_HAL_Driver/Src/stm32f4xx_hal_cortex.o
 .debug_info    0x0000000000005e3d      0x8e7 ./Drivers/STM32F4xx_HAL_Driver/Src/stm32f4xx_hal_dma.o
 .debug_info    0x0000000000006724      0x6c3 ./Drivers/STM32F4xx_HAL_Driver/Src/stm32f4xx_hal_gpio.o
 .debug_info    0x0000000000006de7      0x8af ./Drivers/STM32F4xx_HAL_Driver/Src/stm32f4xx_hal_rcc.o
 .debug_info    0x0000000000007696      0x536 ./Drivers/STM32F4xx_HAL_Driver/Src/stm32f4xx_hal_rcc_ex.o
 .debug_info    0x0000000000007bcc      0xc20 ./Drivers/STM32F4xx_HAL_Driver/Src/stm32f4xx_hal_rtc.o
 .debug_info    0x00000000000087ec     0x299d ./Drivers/STM32F4xx_HAL_Driver/Src/stm32f4xx_hal_tim.o
 .debug_info    0x000000000000b189     0x14db ./Drivers/STM32F4xx_HAL_Driver/Src/stm32f4xx_hal_tim_ex.o
 .debug_info    0x000000000000c664     0x2f4f ./Drivers/STM32F4xx_HAL_Driver/Src/stm32f4xx_hal_uart.o
 .debug_info    0x000000000000f5b3      0x2af ./common/ThirdParty/FreeRTOS/list.o
 .debug_info    0x000000000000f862     0x17d9 ./common/ThirdParty/FreeRTOS/queue.o
 .debug_info    0x000000000001103b     0x2228 ./common/ThirdParty/FreeRTOS/tasks.o
 .debug_info    0x0000000000013263      0xe4d ./common/ThirdParty/FreeRTOS/timers.o
 .debug_info    0x00000000000140b0      0x582 ./common/ThirdParty/FreeRTOS/portable/GCC/ARM_CM4F/port.o
 .debug_info    0x0000000000014632      0x4d5 ./common/ThirdParty/FreeRTOS/portable/MemMang/heap_4.o

.debug_abbrev   0x0000000000000000     0x319d
 .debug_abbrev  0x0000000000000000      0x357 ./Core/Src/main.o
 .debug_abbrev  0x0000000000000357      0x20e ./Core/Src/stm32f4xx_hal_msp.o
 .debug_abbrev  0x0000000000000565      0x1f4 ./Core/Src/stm32f4xx_hal_timebase_tim.o
 .debug_abbrev  0x0000000000000759      0x189 ./Core/Src/stm32f4xx_it.o
 .debug_abbrev  0x00000000000008e2       0xbc ./Core/Src/sysmem.o
 .debug_abbrev  0x000000000000099e      0x11a ./Core/Src/system_stm32f4xx.o
 .debug_abbrev  0x0000000000000ab8       0x12 ./Core/Startup/startup_stm32f407vgtx.o
 .debug_abbrev  0x0000000000000aca      0x214 ./Drivers/STM32F4xx_HAL_Driver/Src/stm32f4xx_hal.o
 .debug_abbrev  0x0000000000000cde      0x31d ./Drivers/STM32F4xx_HAL_Driver/Src/stm32f4xx_hal_cortex.o
 .debug_abbrev  0x0000000000000ffb      0x264 ./Drivers/STM32F4xx_HAL_Driver/Src/stm32f4xx_hal_dma.o
 .debug_abbrev  0x000000000000125f      0x1d4 ./Drivers/STM32F4xx_HAL_Driver/Src/stm32f4xx_hal_gpio.o
 .debug_abbrev  0x0000000000001433      0x2b7 ./Drivers/STM32F4xx_HAL_Driver/Src/stm32f4xx_hal_rcc.o
 .debug_abbrev  0x00000000000016ea      0x1b0 ./Drivers/STM32F4xx_HAL_Driver/Src/stm32f4xx_hal_rcc_ex.o
 .debug_abbrev  0x000000000000189a      0x1ee ./Drivers/STM32F4xx_HAL_Driver/Src/stm32f4xx_hal_rtc.o
 .debug_abbrev  0x0000000000001a88      0x278 ./Drivers/STM32F4xx_HAL_Driver/Src/stm32f4xx_hal_tim.o
 .debug_abbrev  0x0000000000001d00      0x283 ./Drivers/STM32F4xx_HAL_Driver/Src/stm32f4xx_hal_tim_ex.o
 .debug_abbrev  0x0000000000001f83      0x30e ./Drivers/STM32F4xx_HAL_Driver/Src/stm32f4xx_hal_uart.o
 .debug_abbrev  0x0000000000002291       0xf5 ./common/ThirdParty/FreeRTOS/list.o
 .debug_abbrev  0x0000000000002386      0x323 ./common/ThirdParty/FreeRTOS/queue.o
 .debug_abbrev  0x00000000000026a9      0x39e ./common/ThirdParty/FreeRTOS/tasks.o
 .debug_abbrev  0x0000000000002a47      0x2de ./common/ThirdParty/FreeRTOS/timers.o
 .debug_abbrev  0x0000000000002d25      0x25a ./common/ThirdParty/FreeRTOS/portable/GCC/ARM_CM4F/port.o
 .debug_abbrev  0x0000000000002f7f      0x21e ./common/ThirdParty/FreeRTOS/portable/MemMang/heap_4.o

.debug_aranges  0x0000000000000000     0x1300
 .debug_aranges
                0x0000000000000000       0x88 ./Core/Src/main.o
 .debug_aranges
                0x0000000000000088       0x40 ./Core/Src/stm32f4xx_hal_msp.o
 .debug_aranges
                0x00000000000000c8       0x30 ./Core/Src/stm32f4xx_hal_timebase_tim.o
 .debug_aranges
                0x00000000000000f8       0x58 ./Core/Src/stm32f4xx_it.o
 .debug_aranges
                0x0000000000000150       0x20 ./Core/Src/sysmem.o
 .debug_aranges
                0x0000000000000170       0x28 ./Core/Src/system_stm32f4xx.o
 .debug_aranges
                0x0000000000000198       0x28 ./Core/Startup/startup_stm32f407vgtx.o
 .debug_aranges
                0x00000000000001c0       0xf0 ./Drivers/STM32F4xx_HAL_Driver/Src/stm32f4xx_hal.o
 .debug_aranges
                0x00000000000002b0      0x130 ./Drivers/STM32F4xx_HAL_Driver/Src/stm32f4xx_hal_cortex.o
 .debug_aranges
                0x00000000000003e0       0x90 ./Drivers/STM32F4xx_HAL_Driver/Src/stm32f4xx_hal_dma.o
 .debug_aranges
                0x0000000000000470       0x58 ./Drivers/STM32F4xx_HAL_Driver/Src/stm32f4xx_hal_gpio.o
 .debug_aranges
                0x00000000000004c8       0x88 ./Drivers/STM32F4xx_HAL_Driver/Src/stm32f4xx_hal_rcc.o
 .debug_aranges
                0x0000000000000550       0x48 ./Drivers/STM32F4xx_HAL_Driver/Src/stm32f4xx_hal_rcc_ex.o
 .debug_aranges
                0x0000000000000598       0xe8 ./Drivers/STM32F4xx_HAL_Driver/Src/stm32f4xx_hal_rtc.o
 .debug_aranges
                0x0000000000000680      0x3d0 ./Drivers/STM32F4xx_HAL_Driver/Src/stm32f4xx_hal_tim.o
 .debug_aranges
                0x0000000000000a50      0x168 ./Drivers/STM32F4xx_HAL_Driver/Src/stm32f4xx_hal_tim_ex.o
 .debug_aranges
                0x0000000000000bb8      0x208 ./Drivers/STM32F4xx_HAL_Driver/Src/stm32f4xx_hal_uart.o
 .debug_aranges
                0x0000000000000dc0       0x40 ./common/ThirdParty/FreeRTOS/list.o
 .debug_aranges
                0x0000000000000e00      0x130 ./common/ThirdParty/FreeRTOS/queue.o
 .debug_aranges
                0x0000000000000f30      0x218 ./common/ThirdParty/FreeRTOS/tasks.o
 .debug_aranges
                0x0000000000001148       0xd8 ./common/ThirdParty/FreeRTOS/timers.o
 .debug_aranges
                0x0000000000001220       0x88 ./common/ThirdParty/FreeRTOS/portable/GCC/ARM_CM4F/port.o
 .debug_aranges
                0x00000000000012a8       0x58 ./common/ThirdParty/FreeRTOS/portable/MemMang/heap_4.o

.debug_rnglists
                0x0000000000000000      0xec8
 .debug_rnglists
                0x0000000000000000       0x65 ./Core/Src/main.o
 .debug_rnglists
                0x0000000000000065       0x2c ./Core/Src/stm32f4xx_hal_msp.o
 .debug_rnglists
                0x0000000000000091       0x20 ./Core/Src/stm32f4xx_hal_timebase_tim.o
 .debug_rnglists
                0x00000000000000b1       0x3d ./Core/Src/stm32f4xx_it.o
 .debug_rnglists
                0x00000000000000ee       0x13 ./Core/Src/sysmem.o
 .debug_rnglists
                0x0000000000000101       0x1a ./Core/Src/system_stm32f4xx.o
 .debug_rnglists
                0x000000000000011b       0x19 ./Core/Startup/startup_stm32f407vgtx.o
 .debug_rnglists
                0x0000000000000134       0xaf ./Drivers/STM32F4xx_HAL_Driver/Src/stm32f4xx_hal.o
 .debug_rnglists
                0x00000000000001e3       0xe0 ./Drivers/STM32F4xx_HAL_Driver/Src/stm32f4xx_hal_cortex.o
 .debug_rnglists
                0x00000000000002c3       0x70 ./Drivers/STM32F4xx_HAL_Driver/Src/stm32f4xx_hal_dma.o
 .debug_rnglists
                0x0000000000000333       0x3f ./Drivers/STM32F4xx_HAL_Driver/Src/stm32f4xx_hal_gpio.o
 .debug_rnglists
                0x0000000000000372       0x66 ./Drivers/STM32F4xx_HAL_Driver/Src/stm32f4xx_hal_rcc.o
 .debug_rnglists
                0x00000000000003d8       0x35 ./Drivers/STM32F4xx_HAL_Driver/Src/stm32f4xx_hal_rcc_ex.o
 .debug_rnglists
                0x000000000000040d       0xb4 ./Drivers/STM32F4xx_HAL_Driver/Src/stm32f4xx_hal_rtc.o
 .debug_rnglists
                0x00000000000004c1      0x31a ./Drivers/STM32F4xx_HAL_Driver/Src/stm32f4xx_hal_tim.o
 .debug_rnglists
                0x00000000000007db      0x125 ./Drivers/STM32F4xx_HAL_Driver/Src/stm32f4xx_hal_tim_ex.o
 .debug_rnglists
                0x0000000000000900      0x1bc ./Drivers/STM32F4xx_HAL_Driver/Src/stm32f4xx_hal_uart.o
 .debug_rnglists
                0x0000000000000abc       0x2b ./common/ThirdParty/FreeRTOS/list.o
 .debug_rnglists
                0x0000000000000ae7       0xeb ./common/ThirdParty/FreeRTOS/queue.o
 .debug_rnglists
                0x0000000000000bd2      0x1ad ./common/ThirdParty/FreeRTOS/tasks.o
 .debug_rnglists
                0x0000000000000d7f       0xa3 ./common/ThirdParty/FreeRTOS/timers.o
 .debug_rnglists
                0x0000000000000e22       0x64 ./common/ThirdParty/FreeRTOS/portable/GCC/ARM_CM4F/port.o
 .debug_rnglists
                0x0000000000000e86       0x42 ./common/ThirdParty/FreeRTOS/portable/MemMang/heap_4.o

.debug_macro    0x0000000000000000    0x23a96
 .debug_macro   0x0000000000000000      0x3c3 ./Core/Src/main.o
 .debug_macro   0x00000000000003c3      0xaa8 ./Core/Src/main.o
 .debug_macro   0x0000000000000e6b      0x2a1 ./Core/Src/main.o
 .debug_macro   0x000000000000110c       0x2e ./Core/Src/main.o
 .debug_macro   0x000000000000113a       0x2f ./Core/Src/main.o
 .debug_macro   0x0000000000001169       0x22 ./Core/Src/main.o
 .debug_macro   0x000000000000118b       0x8e ./Core/Src/main.o
 .debug_macro   0x0000000000001219       0x51 ./Core/Src/main.o
 .debug_macro   0x000000000000126a      0x103 ./Core/Src/main.o
 .debug_macro   0x000000000000136d       0x6a ./Core/Src/main.o
 .debug_macro   0x00000000000013d7      0x1df ./Core/Src/main.o
 .debug_macro   0x00000000000015b6       0x1c ./Core/Src/main.o
 .debug_macro   0x00000000000015d2       0x22 ./Core/Src/main.o
 .debug_macro   0x00000000000015f4       0xfb ./Core/Src/main.o
 .debug_macro   0x00000000000016ef     0x1011 ./Core/Src/main.o
 .debug_macro   0x0000000000002700      0x11f ./Core/Src/main.o
 .debug_macro   0x000000000000281f    0x15e97 ./Core/Src/main.o
 .debug_macro   0x00000000000186b6       0x6d ./Core/Src/main.o
 .debug_macro   0x0000000000018723     0x369a ./Core/Src/main.o
 .debug_macro   0x000000000001bdbd      0x174 ./Core/Src/main.o
 .debug_macro   0x000000000001bf31       0x5c ./Core/Src/main.o
 .debug_macro   0x000000000001bf8d      0x980 ./Core/Src/main.o
 .debug_macro   0x000000000001c90d      0x9e9 ./Core/Src/main.o
 .debug_macro   0x000000000001d2f6      0x115 ./Core/Src/main.o
 .debug_macro   0x000000000001d40b      0x13e ./Core/Src/main.o
 .debug_macro   0x000000000001d549       0xa5 ./Core/Src/main.o
 .debug_macro   0x000000000001d5ee      0x174 ./Core/Src/main.o
 .debug_macro   0x000000000001d762      0x287 ./Core/Src/main.o
 .debug_macro   0x000000000001d9e9       0x5f ./Core/Src/main.o
 .debug_macro   0x000000000001da48      0x236 ./Core/Src/main.o
 .debug_macro   0x000000000001dc7e      0x12c ./Core/Src/main.o
 .debug_macro   0x000000000001ddaa      0x21e ./Core/Src/main.o
 .debug_macro   0x000000000001dfc8       0x2e ./Core/Src/main.o
 .debug_macro   0x000000000001dff6      0x127 ./Core/Src/main.o
 .debug_macro   0x000000000001e11d       0x7e ./Core/Src/main.o
 .debug_macro   0x000000000001e19b       0x89 ./Core/Src/main.o
 .debug_macro   0x000000000001e224      0x30c ./Core/Src/main.o
 .debug_macro   0x000000000001e530      0x44b ./Core/Src/main.o
 .debug_macro   0x000000000001e97b       0xeb ./Core/Src/main.o
 .debug_macro   0x000000000001ea66      0x8ed ./Core/Src/main.o
 .debug_macro   0x000000000001f353       0x4d ./Core/Src/main.o
 .debug_macro   0x000000000001f3a0      0x2aa ./Core/Src/main.o
 .debug_macro   0x000000000001f64a      0x12d ./Core/Src/main.o
 .debug_macro   0x000000000001f777      0x119 ./Core/Src/main.o
 .debug_macro   0x000000000001f890      0x15a ./Core/Src/main.o
 .debug_macro   0x000000000001f9ea       0xea ./Core/Src/main.o
 .debug_macro   0x000000000001fad4       0x1c ./Core/Src/main.o
 .debug_macro   0x000000000001faf0       0x26 ./Core/Src/main.o
 .debug_macro   0x000000000001fb16      0x520 ./Core/Src/main.o
 .debug_macro   0x0000000000020036       0xb5 ./Core/Src/main.o
 .debug_macro   0x00000000000200eb      0x120 ./Core/Src/main.o
 .debug_macro   0x000000000002020b       0x80 ./Core/Src/main.o
 .debug_macro   0x000000000002028b       0x97 ./Core/Src/main.o
 .debug_macro   0x0000000000020322      0x211 ./Core/Src/main.o
 .debug_macro   0x0000000000020533       0x7e ./Core/Src/main.o
 .debug_macro   0x00000000000205b1       0x2a ./Core/Src/main.o
 .debug_macro   0x00000000000205db       0x61 ./Core/Src/main.o
 .debug_macro   0x000000000002063c       0x43 ./Core/Src/main.o
 .debug_macro   0x000000000002067f       0x34 ./Core/Src/main.o
 .debug_macro   0x00000000000206b3       0x16 ./Core/Src/main.o
 .debug_macro   0x00000000000206c9       0x35 ./Core/Src/main.o
 .debug_macro   0x00000000000206fe       0x16 ./Core/Src/main.o
 .debug_macro   0x0000000000020714       0x43 ./Core/Src/main.o
 .debug_macro   0x0000000000020757       0x34 ./Core/Src/main.o
 .debug_macro   0x000000000002078b       0x10 ./Core/Src/main.o
 .debug_macro   0x000000000002079b       0x58 ./Core/Src/main.o
 .debug_macro   0x00000000000207f3       0x8e ./Core/Src/main.o
 .debug_macro   0x0000000000020881       0x1c ./Core/Src/main.o
 .debug_macro   0x000000000002089d      0x177 ./Core/Src/main.o
 .debug_macro   0x0000000000020a14      0x369 ./Core/Src/main.o
 .debug_macro   0x0000000000020d7d       0x16 ./Core/Src/main.o
 .debug_macro   0x0000000000020d93       0x29 ./Core/Src/main.o
 .debug_macro   0x0000000000020dbc       0x16 ./Core/Src/main.o
 .debug_macro   0x0000000000020dd2       0x20 ./Core/Src/main.o
 .debug_macro   0x0000000000020df2       0x1c ./Core/Src/main.o